Archive member included because of file (symbol)

.\CortexM0\ARM_GCC_493\Debug\bldc.a(cyfitter_cfg.o)
                              .\CortexM0\ARM_GCC_493\Debug\Cm0Start.o (cyfitter_cfg)
.\CortexM0\ARM_GCC_493\Debug\bldc.a(vin.o)
                              .\CortexM0\ARM_GCC_493\Debug\main.o (vin_Write)
.\CortexM0\ARM_GCC_493\Debug\bldc.a(err.o)
                              .\CortexM0\ARM_GCC_493\Debug\main.o (err_Write)
.\CortexM0\ARM_GCC_493\Debug\bldc.a(CyLib.o)
                              .\CortexM0\ARM_GCC_493\Debug\bldc.a(cyfitter_cfg.o) (CyIntEnable)
.\CortexM0\ARM_GCC_493\Debug\bldc.a(CyLFClk.o)
                              .\CortexM0\ARM_GCC_493\Debug\bldc.a(cyfitter_cfg.o) (CySysWdtIsr)
.\CortexM0\ARM_GCC_493\Debug\bldc.a(enable_gate_driver.o)
                              .\CortexM0\ARM_GCC_493\Debug\main.o (enable_gate_driver_Write)
.\CortexM0\ARM_GCC_493\Debug\bldc.a(VPWM.o)
                              .\CortexM0\ARM_GCC_493\Debug\main.o (VPWM_WriteCompare)
.\CortexM0\ARM_GCC_493\Debug\bldc.a(WPWM.o)
                              .\CortexM0\ARM_GCC_493\Debug\main.o (WPWM_WriteCompare)
.\CortexM0\ARM_GCC_493\Debug\bldc.a(QDEC.o)
                              .\CortexM0\ARM_GCC_493\Debug\main.o (QDEC_GetCounter)
.\CortexM0\ARM_GCC_493\Debug\bldc.a(QDEC_INT.o)
                              .\CortexM0\ARM_GCC_493\Debug\bldc.a(QDEC.o) (QDEC_ISR)
.\CortexM0\ARM_GCC_493\Debug\bldc.a(direction.o)
                              .\CortexM0\ARM_GCC_493\Debug\main.o (direction_Read)
.\CortexM0\ARM_GCC_493\Debug\bldc.a(step.o)
                              .\CortexM0\ARM_GCC_493\Debug\main.o (step_ClearInterrupt)
.\CortexM0\ARM_GCC_493\Debug\bldc.a(reset.o)
                              .\CortexM0\ARM_GCC_493\Debug\main.o (reset_Read)
.\CortexM0\ARM_GCC_493\Debug\bldc.a(error.o)
                              .\CortexM0\ARM_GCC_493\Debug\main.o (error_Write)
.\CortexM0\ARM_GCC_493\Debug\bldc.a(fault_gate_driver.o)
                              .\CortexM0\ARM_GCC_493\Debug\main.o (fault_gate_driver_Read)
.\CortexM0\ARM_GCC_493\Debug\bldc.a(QDEC_Cnt16.o)
                              .\CortexM0\ARM_GCC_493\Debug\bldc.a(QDEC.o) (QDEC_Cnt16_Stop)
.\CortexM0\ARM_GCC_493\Debug\bldc.a(ADC.o)
                              .\CortexM0\ARM_GCC_493\Debug\main.o (ADC_Start)
.\CortexM0\ARM_GCC_493\Debug\bldc.a(ADC_INT.o)
                              .\CortexM0\ARM_GCC_493\Debug\bldc.a(ADC.o) (ADC_ISR)
.\CortexM0\ARM_GCC_493\Debug\bldc.a(UART.o)
                              .\CortexM0\ARM_GCC_493\Debug\main.o (UART_Start)
.\CortexM0\ARM_GCC_493\Debug\bldc.a(UART_SPI_UART.o)
                              .\CortexM0\ARM_GCC_493\Debug\main.o (UART_SpiUartWriteTxData)
.\CortexM0\ARM_GCC_493\Debug\bldc.a(UART_UART.o)
                              .\CortexM0\ARM_GCC_493\Debug\bldc.a(UART.o) (UART_UartInit)
.\CortexM0\ARM_GCC_493\Debug\bldc.a(txISR.o)
                              .\CortexM0\ARM_GCC_493\Debug\main.o (txISR_StartEx)
.\CortexM0\ARM_GCC_493\Debug\bldc.a(rxISR.o)
                              .\CortexM0\ARM_GCC_493\Debug\main.o (rxISR_StartEx)
.\CortexM0\ARM_GCC_493\Debug\bldc.a(EEPROM.o)
                              .\CortexM0\ARM_GCC_493\Debug\main.o (EEPROM_Start)
.\CortexM0\ARM_GCC_493\Debug\bldc.a(TX_SEND.o)
                              .\CortexM0\ARM_GCC_493\Debug\main.o (TX_SEND_Start)
.\CortexM0\ARM_GCC_493\Debug\bldc.a(stepISR.o)
                              .\CortexM0\ARM_GCC_493\Debug\main.o (stepISR_StartEx)
.\CortexM0\ARM_GCC_493\Debug\bldc.a(CyBootAsmGnu.o)
                              .\CortexM0\ARM_GCC_493\Debug\bldc.a(CyLib.o) (CyDelayCycles)
.\CortexM0\ARM_GCC_493\Debug\bldc.a(CyFlash.o)
                              .\CortexM0\ARM_GCC_493\Debug\bldc.a(EEPROM.o) (CySysFlashWriteRow)
c:/program files (x86)/cypress/psoc creator/3.3/psoc creator/import/gnu/arm/4.9.3/bin/../lib/gcc/arm-none-eabi/4.9.3/armv6-m\libgcc.a(_udivsi3.o)
                              .\CortexM0\ARM_GCC_493\Debug\bldc.a(CyLib.o) (__aeabi_uidiv)
c:/program files (x86)/cypress/psoc creator/3.3/psoc creator/import/gnu/arm/4.9.3/bin/../lib/gcc/arm-none-eabi/4.9.3/armv6-m\libgcc.a(_divsi3.o)
                              .\CortexM0\ARM_GCC_493\Debug\bldc.a(ADC.o) (__aeabi_idiv)
c:/program files (x86)/cypress/psoc creator/3.3/psoc creator/import/gnu/arm/4.9.3/bin/../lib/gcc/arm-none-eabi/4.9.3/armv6-m\libgcc.a(_dvmd_tls.o)
                              c:/program files (x86)/cypress/psoc creator/3.3/psoc creator/import/gnu/arm/4.9.3/bin/../lib/gcc/arm-none-eabi/4.9.3/armv6-m\libgcc.a(_udivsi3.o) (__aeabi_idiv0)
c:/program files (x86)/cypress/psoc creator/3.3/psoc creator/import/gnu/arm/4.9.3/bin/../lib/gcc/arm-none-eabi/4.9.3/armv6-m\libgcc.a(_aeabi_ldivmod.o)
                              .\CortexM0\ARM_GCC_493\Debug\bldc.a(ADC.o) (__aeabi_ldivmod)
c:/program files (x86)/cypress/psoc creator/3.3/psoc creator/import/gnu/arm/4.9.3/bin/../lib/gcc/arm-none-eabi/4.9.3/armv6-m\libgcc.a(_muldi3.o)
[...]
Memory Configuration

Name             Origin             Length             Attributes
rom              0x00000000         0x00008000         xr
ram              0x20000000         0x00001000         xrw
*default*        0x00000000         0xffffffff

Linker script and memory map

LOAD c:/program files (x86)/cypress/psoc creator/3.3/psoc creator/import/gnu/arm/4.9.3/bin/../lib/gcc/arm-none-eabi/4.9.3/armv6-m/crti.o
LOAD c:/program files (x86)/cypress/psoc creator/3.3/psoc creator/import/gnu/arm/4.9.3/bin/../lib/gcc/arm-none-eabi/4.9.3/armv6-m/crtbegin.o
LOAD c:/program files (x86)/cypress/psoc creator/3.3/psoc creator/import/gnu/arm/4.9.3/bin/../lib/gcc/arm-none-eabi/4.9.3/../../../../arm-none-eabi/lib/armv6-m/crt0.o
START GROUP
LOAD .\CortexM0\ARM_GCC_493\Debug\main.o
LOAD .\CortexM0\ARM_GCC_493\Debug\cymetadata.o
LOAD .\CortexM0\ARM_GCC_493\Debug\Cm0Start.o
LOAD .\CortexM0\ARM_GCC_493\Debug\cybootloader.o
LOAD .\CortexM0\ARM_GCC_493\Debug\bldc.a
LOAD C:\Program Files (x86)\Cypress\PSoC Creator\3.3\PSoC Creator\psoc\content\cycomponentlibrary\CyComponentLibrary.cylib\CortexM0\ARM_GCC_493\Debug\CyComponentLibrary.a
END GROUP
START GROUP
LOAD c:/program files (x86)/cypress/psoc creator/3.3/psoc creator/import/gnu/arm/4.9.3/bin/../lib/gcc/arm-none-eabi/4.9.3/armv6-m\libgcc.a
LOAD c:/program files (x86)/cypress/psoc creator/3.3/psoc creator/import/gnu/arm/4.9.3/bin/../lib/gcc/arm-none-eabi/4.9.3/../../../../arm-none-eabi/lib/armv6-m\libg_nano.a
LOAD c:/program files (x86)/cypress/psoc creator/3.3/psoc creator/import/gnu/arm/4.9.3/bin/../lib/gcc/arm-none-eabi/4.9.3/../../../../arm-none-eabi/lib/armv6-m\libc_nano.a
END GROUP
START GROUP
LOAD c:/program files (x86)/cypress/psoc creator/3.3/psoc creator/import/gnu/arm/4.9.3/bin/../lib/gcc/arm-none-eabi/4.9.3/armv6-m\libgcc.a
LOAD c:/program files (x86)/cypress/psoc creator/3.3/psoc creator/import/gnu/arm/4.9.3/bin/../lib/gcc/arm-none-eabi/4.9.3/../../../../arm-none-eabi/lib/armv6-m\libc_nano.a
END GROUP
LOAD c:/program files (x86)/cypress/psoc creator/3.3/psoc creator/import/gnu/arm/4.9.3/bin/../lib/gcc/arm-none-eabi/4.9.3/armv6-m/crtend.o
LOAD c:/program files (x86)/cypress/psoc creator/3.3/psoc creator/import/gnu/arm/4.9.3/bin/../lib/gcc/arm-none-eabi/4.9.3/armv6-m/crtn.o
START GROUP
LOAD c:/program files (x86)/cypress/psoc creator/3.3/psoc creator/import/gnu/arm/4.9.3/bin/../lib/gcc/arm-none-eabi/4.9.3/armv6-m\libgcc.a
LOAD c:/program files (x86)/cypress/psoc creator/3.3/psoc creator/import/gnu/arm/4.9.3/bin/../lib/gcc/arm-none-eabi/4.9.3/../../../../arm-none-eabi/lib/armv6-m\libc.a
LOAD c:/program files (x86)/cypress/psoc creator/3.3/psoc creator/import/gnu/arm/4.9.3/bin/../lib/gcc/arm-none-eabi/4.9.3/../../../../arm-none-eabi/lib/armv6-m\libnosys.a
END GROUP
                0x00000000                CY_APPL_ORIGIN = 0x0
                0x00000080                CY_FLASH_ROW_SIZE = 0x80
                0x00000001                CY_APPL_NUM = 0x1
                0x00000001                CY_APPL_MAX = 0x1
                0x00000040                CY_METADATA_SIZE = 0x40
                0x00000001                CY_APPL_LOADABLE = 0x1
                0x00000000                CY_CHECKSUM_EXCLUDE_SIZE = ALIGN (0x0, CY_FLASH_ROW_SIZE)
                0x00000000                CY_APP_FOR_STACK_AND_COPIER = 0x0
                0x200001c0                PROVIDE (__cy_heap_start, _end)
                0x00000001                PROVIDE (__cy_region_num, ((__cy_regions_end - __cy_regions) / 0x10))
                0x20001000                PROVIDE (__cy_stack, (ORIGIN (ram) + 0x1000))
                0x20000f00                PROVIDE (__cy_heap_end, (__cy_stack - 0x100))

.cybootloader   0x00000000     0x1700
 *(.cybootloader)
 .cybootloader  0x00000000     0x1700 .\CortexM0\ARM_GCC_493\Debug\cybootloader.o
                0x00000000                cy_bootloader
                0x00001700                appl1_start = CY_APPL_ORIGIN?CY_APPL_ORIGIN:ALIGN (CY_FLASH_ROW_SIZE)
                0x00004b00                appl2_start = (appl1_start + ALIGN ((((0x8000 - appl1_start) - (0x2 * CY_FLASH_ROW_SIZE)) / 0x2), CY_FLASH_ROW_SIZE))
                0x00001700                appl_start = (CY_APPL_NUM == 0x1)?appl1_start:appl2_start
                0x00000000                cy_project_type_bootloader = (appl_start == 0x0)?0x1:0x0
                0x00000000                cy_project_type_app_for_stack_and_copier = (CY_APP_FOR_STACK_AND_COPIER == 0x1)?0x1:0x0

.text           0x00001700     0x1b4c
 CREATE_OBJECT_SYMBOLS
                0x00001700                PROVIDE (__cy_interrupt_vector, RomVectors)
 *(.romvectors)
 .romvectors    0x00001700       0x10 .\CortexM0\ARM_GCC_493\Debug\Cm0Start.o
                0x00001700                RomVectors
                0x00000001                ASSERT ((. != __cy_interrupt_vector), No interrupt vector)
                0x00000001                ASSERT (CY_APPL_ORIGIN?(SIZEOF (.cybootloader) <= CY_APPL_ORIGIN):0x1, Wrong image location)
                0x00001710                PROVIDE (__cy_reset, Reset)
 *(.text.Reset)
 .text.Reset    0x00001710       0x10 .\CortexM0\ARM_GCC_493\Debug\Cm0Start.o
                0x00001710                Reset
                0x00000001                ASSERT ((. != __cy_reset), No reset code)
 *(.psocinit)
 .psocinit      0x00001720      0x274 .\CortexM0\ARM_GCC_493\Debug\bldc.a(cyfitter_cfg.o)
                0x00001800                cyfitter_cfg
                0x00001994                . = MAX (., 0x100)
 *(.text .text.* .gnu.linkonce.t.*)
 .text          0x00001994       0x60 c:/program files (x86)/cypress/psoc creator/3.3/psoc creator/import/gnu/arm/4.9.3/bin/../lib/gcc/arm-none-eabi/4.9.3/armv6-m/crtbegin.o
 .text.transmitUpdate
                0x000019f4        0xc .\CortexM0\ARM_GCC_493\Debug\main.o
                0x000019f4                transmitUpdate
 .text.stepCount
                0x00001a00       0x30 .\CortexM0\ARM_GCC_493\Debug\main.o
                0x00001a00                stepCount
 .text.uartReceive
                0x00001a30       0x54 .\CortexM0\ARM_GCC_493\Debug\main.o
                0x00001a30                uartReceive
 .text.fast_itoa
                0x00001a84       0x9c .\CortexM0\ARM_GCC_493\Debug\main.o
                0x00001a84                fast_itoa
 .text.main     0x00001b20      0x348 .\CortexM0\ARM_GCC_493\Debug\main.o
                0x00001b20                main
 .text.IntDefaultHandler
                0x00001e68        0x4 .\CortexM0\ARM_GCC_493\Debug\Cm0Start.o
                0x00001e68                IntDefaultHandler
 .text.Start_c  0x00001e6c       0x48 .\CortexM0\ARM_GCC_493\Debug\Cm0Start.o
                0x00001e6c                Start_c
 .text.initialize_psoc
                0x00001eb4       0x58 .\CortexM0\ARM_GCC_493\Debug\Cm0Start.o
                0x00001eb4                initialize_psoc
 .text.cfg_write_bytes32
                0x00001f0c       0x34 .\CortexM0\ARM_GCC_493\Debug\bldc.a(cyfitter_cfg.o)
 .text.AnalogSetDefault
                0x00001f40       0x14 .\CortexM0\ARM_GCC_493\Debug\bldc.a(cyfitter_cfg.o)
 .text.CYMEMZERO
                0x00001f54        0xc .\CortexM0\ARM_GCC_493\Debug\bldc.a(cyfitter_cfg.o)
 .text.vin_Write
                0x00001f60       0x18 .\CortexM0\ARM_GCC_493\Debug\bldc.a(vin.o)
                0x00001f60                vin_Write
 .text.err_Write
                0x00001f78       0x18 .\CortexM0\ARM_GCC_493\Debug\bldc.a(err.o)
                0x00001f78                err_Write
 .text.CyIntEnable
                0x00001f90       0x14 .\CortexM0\ARM_GCC_493\Debug\bldc.a(CyLib.o)
                0x00001f90                CyIntEnable
 .text.CyIntDisable
                0x00001fa4       0x14 .\CortexM0\ARM_GCC_493\Debug\bldc.a(CyLib.o)
                0x00001fa4                CyIntDisable
 .text.CyHalt   0x00001fb8        0x4 .\CortexM0\ARM_GCC_493\Debug\bldc.a(CyLib.o)
                0x00001fb8                CyHalt
 .text.CyIntSetVector
                0x00001fbc       0x24 .\CortexM0\ARM_GCC_493\Debug\bldc.a(CyLib.o)
                0x00001fbc                CyIntSetVector
 .text.CyIntSetPriority
                0x00001fe0       0x4c .\CortexM0\ARM_GCC_493\Debug\bldc.a(CyLib.o)
                0x00001fe0                CyIntSetPriority
 .text.CyDelayUs
                0x0000202c       0x14 .\CortexM0\ARM_GCC_493\Debug\bldc.a(CyLib.o)
                0x0000202c                CyDelayUs
 .text.CySysClkWriteImoFreq
                0x00002040      0x164 .\CortexM0\ARM_GCC_493\Debug\bldc.a(CyLib.o)
                0x00002040                CySysClkWriteImoFreq
 .text.CySysWdtLocked
                0x000021a4       0x14 .\CortexM0\ARM_GCC_493\Debug\bldc.a(CyLFClk.o)
 .text.CySysWdtLock
                0x000021b8       0x1c .\CortexM0\ARM_GCC_493\Debug\bldc.a(CyLFClk.o)
                0x000021b8                CySysWdtLock
 .text.CySysWdtUnlock
                0x000021d4       0x30 .\CortexM0\ARM_GCC_493\Debug\bldc.a(CyLFClk.o)
                0x000021d4                CySysWdtUnlock
 .text.CySysWdtClearInterrupt
                0x00002204       0x4c .\CortexM0\ARM_GCC_493\Debug\bldc.a(CyLFClk.o)
                0x00002204                CySysWdtClearInterrupt
 .text.CySysWdtIsr
                0x00002250       0xa4 .\CortexM0\ARM_GCC_493\Debug\bldc.a(CyLFClk.o)
                0x00002250                CySysWdtIsr
 .text.enable_gate_driver_Write
                0x000022f4       0x18 .\CortexM0\ARM_GCC_493\Debug\bldc.a(enable_gate_driver.o)
                0x000022f4                enable_gate_driver_Write
 .text.VPWM_WriteCounter
                0x0000230c       0x10 .\CortexM0\ARM_GCC_493\Debug\bldc.a(VPWM.o)
                0x0000230c                VPWM_WriteCounter
 .text.VPWM_WritePeriod
                0x0000231c       0x10 .\CortexM0\ARM_GCC_493\Debug\bldc.a(VPWM.o)
                0x0000231c                VPWM_WritePeriod
 .text.VPWM_WriteCompare
                0x0000232c       0x10 .\CortexM0\ARM_GCC_493\Debug\bldc.a(VPWM.o)
                0x0000232c                VPWM_WriteCompare
 .text.VPWM_TriggerCommand
                0x0000233c       0x1c .\CortexM0\ARM_GCC_493\Debug\bldc.a(VPWM.o)
                0x0000233c                VPWM_TriggerCommand
 .text.VPWM_Enable
                0x00002358       0x24 .\CortexM0\ARM_GCC_493\Debug\bldc.a(VPWM.o)
                0x00002358                VPWM_Enable
 .text.VPWM_SetInterruptMode
                0x0000237c        0xc .\CortexM0\ARM_GCC_493\Debug\bldc.a(VPWM.o)
                0x0000237c                VPWM_SetInterruptMode
 .text.VPWM_Init
                0x00002388       0x54 .\CortexM0\ARM_GCC_493\Debug\bldc.a(VPWM.o)
                0x00002388                VPWM_Init
 .text.VPWM_Start
                0x000023dc       0x20 .\CortexM0\ARM_GCC_493\Debug\bldc.a(VPWM.o)
                0x000023dc                VPWM_Start
 .text.WPWM_WriteCounter
                0x000023fc       0x10 .\CortexM0\ARM_GCC_493\Debug\bldc.a(WPWM.o)
                0x000023fc                WPWM_WriteCounter
 .text.WPWM_WritePeriod
                0x0000240c       0x10 .\CortexM0\ARM_GCC_493\Debug\bldc.a(WPWM.o)
                0x0000240c                WPWM_WritePeriod
 .text.WPWM_WriteCompare
                0x0000241c       0x10 .\CortexM0\ARM_GCC_493\Debug\bldc.a(WPWM.o)
                0x0000241c                WPWM_WriteCompare
 .text.WPWM_TriggerCommand
                0x0000242c       0x1c .\CortexM0\ARM_GCC_493\Debug\bldc.a(WPWM.o)
                0x0000242c                WPWM_TriggerCommand
 .text.WPWM_Enable
                0x00002448       0x24 .\CortexM0\ARM_GCC_493\Debug\bldc.a(WPWM.o)
                0x00002448                WPWM_Enable
 .text.WPWM_SetInterruptMode
                0x0000246c        0xc .\CortexM0\ARM_GCC_493\Debug\bldc.a(WPWM.o)
                0x0000246c                WPWM_SetInterruptMode
 .text.WPWM_Init
                0x00002478       0x54 .\CortexM0\ARM_GCC_493\Debug\bldc.a(WPWM.o)
                0x00002478                WPWM_Init
 .text.WPWM_Start
                0x000024cc       0x20 .\CortexM0\ARM_GCC_493\Debug\bldc.a(WPWM.o)
                0x000024cc                WPWM_Start
 .text.QDEC_Init
                0x000024ec       0x20 .\CortexM0\ARM_GCC_493\Debug\bldc.a(QDEC.o)
                0x000024ec                QDEC_Init
 .text.QDEC_GetCounter
                0x0000250c       0x2c .\CortexM0\ARM_GCC_493\Debug\bldc.a(QDEC.o)
                0x0000250c                QDEC_GetCounter
 .text.QDEC_GetEvents
                0x00002538       0x10 .\CortexM0\ARM_GCC_493\Debug\bldc.a(QDEC.o)
                0x00002538                QDEC_GetEvents
 .text.QDEC_SetInterruptMask
                0x00002548       0x10 .\CortexM0\ARM_GCC_493\Debug\bldc.a(QDEC.o)
                0x00002548                QDEC_SetInterruptMask
 .text.QDEC_Enable
                0x00002558       0x2c .\CortexM0\ARM_GCC_493\Debug\bldc.a(QDEC.o)
                0x00002558                QDEC_Enable
 .text.QDEC_Start
                0x00002584       0x34 .\CortexM0\ARM_GCC_493\Debug\bldc.a(QDEC.o)
                0x00002584                QDEC_Start
 .text.QDEC_ISR
                0x000025b8       0x44 .\CortexM0\ARM_GCC_493\Debug\bldc.a(QDEC_INT.o)
                0x000025b8                QDEC_ISR
 .text.direction_Read
                0x000025fc       0x10 .\CortexM0\ARM_GCC_493\Debug\bldc.a(direction.o)
                0x000025fc                direction_Read
 .text.step_ClearInterrupt
                0x0000260c       0x14 .\CortexM0\ARM_GCC_493\Debug\bldc.a(step.o)
                0x0000260c                step_ClearInterrupt
 .text.reset_Read
                0x00002620       0x10 .\CortexM0\ARM_GCC_493\Debug\bldc.a(reset.o)
                0x00002620                reset_Read
 .text.error_Write
                0x00002630       0x18 .\CortexM0\ARM_GCC_493\Debug\bldc.a(error.o)
                0x00002630                error_Write
 .text.fault_gate_driver_Read
                0x00002648       0x10 .\CortexM0\ARM_GCC_493\Debug\bldc.a(fault_gate_driver.o)
                0x00002648                fault_gate_driver_Read
 .text.QDEC_Cnt16_Enable
                0x00002658       0x10 .\CortexM0\ARM_GCC_493\Debug\bldc.a(QDEC_Cnt16.o)
                0x00002658                QDEC_Cnt16_Enable
 .text.QDEC_Cnt16_SetInterruptMode
                0x00002668        0xc .\CortexM0\ARM_GCC_493\Debug\bldc.a(QDEC_Cnt16.o)
                0x00002668                QDEC_Cnt16_SetInterruptMode
 .text.QDEC_Cnt16_ReadStatusRegister
                0x00002674        0xc .\CortexM0\ARM_GCC_493\Debug\bldc.a(QDEC_Cnt16.o)
                0x00002674                QDEC_Cnt16_ReadStatusRegister
 .text.QDEC_Cnt16_WriteCounter
                0x00002680        0xc .\CortexM0\ARM_GCC_493\Debug\bldc.a(QDEC_Cnt16.o)
                0x00002680                QDEC_Cnt16_WriteCounter
 .text.QDEC_Cnt16_ReadCounter
                0x0000268c       0x14 .\CortexM0\ARM_GCC_493\Debug\bldc.a(QDEC_Cnt16.o)
                0x0000268c                QDEC_Cnt16_ReadCounter
 .text.QDEC_Cnt16_ReadCapture
                0x000026a0        0xc .\CortexM0\ARM_GCC_493\Debug\bldc.a(QDEC_Cnt16.o)
                0x000026a0                QDEC_Cnt16_ReadCapture
 .text.QDEC_Cnt16_WritePeriod
                0x000026ac        0xc .\CortexM0\ARM_GCC_493\Debug\bldc.a(QDEC_Cnt16.o)
                0x000026ac                QDEC_Cnt16_WritePeriod
 .text.QDEC_Cnt16_WriteCompare
                0x000026b8        0xc .\CortexM0\ARM_GCC_493\Debug\bldc.a(QDEC_Cnt16.o)
                0x000026b8                QDEC_Cnt16_WriteCompare
 .text.QDEC_Cnt16_ClearFIFO
                0x000026c4       0x14 .\CortexM0\ARM_GCC_493\Debug\bldc.a(QDEC_Cnt16.o)
                0x000026c4                QDEC_Cnt16_ClearFIFO
 .text.QDEC_Cnt16_Init
                0x000026d8       0x54 .\CortexM0\ARM_GCC_493\Debug\bldc.a(QDEC_Cnt16.o)
                0x000026d8                QDEC_Cnt16_Init
 .text.QDEC_Cnt16_Start
                0x0000272c       0x20 .\CortexM0\ARM_GCC_493\Debug\bldc.a(QDEC_Cnt16.o)
                0x0000272c                QDEC_Cnt16_Start
 .text.ADC_Init
                0x0000274c      0x18c .\CortexM0\ARM_GCC_493\Debug\bldc.a(ADC.o)
                0x0000274c                ADC_Init
 .text.ADC_Enable
                0x000028d8       0x24 .\CortexM0\ARM_GCC_493\Debug\bldc.a(ADC.o)
                0x000028d8                ADC_Enable
 .text.ADC_Start
                0x000028fc       0x20 .\CortexM0\ARM_GCC_493\Debug\bldc.a(ADC.o)
                0x000028fc                ADC_Start
 .text.ADC_GetResult16
                0x0000291c       0x2c .\CortexM0\ARM_GCC_493\Debug\bldc.a(ADC.o)
                0x0000291c                ADC_GetResult16
 .text.ADC_ISR  0x00002948        0xc .\CortexM0\ARM_GCC_493\Debug\bldc.a(ADC_INT.o)
                0x00002948                ADC_ISR
 .text.UART_ScbModePostEnable
                0x00002954        0x8 .\CortexM0\ARM_GCC_493\Debug\bldc.a(UART.o)
 .text.UART_Init
                0x0000295c        0x8 .\CortexM0\ARM_GCC_493\Debug\bldc.a(UART.o)
                0x0000295c                UART_Init
 .text.UART_Enable
                0x00002964       0x18 .\CortexM0\ARM_GCC_493\Debug\bldc.a(UART.o)
                0x00002964                UART_Enable
 .text.UART_Start
                0x0000297c       0x20 .\CortexM0\ARM_GCC_493\Debug\bldc.a(UART.o)
                0x0000297c                UART_Start
 .text.UART_SpiUartReadRxData
                0x0000299c        0xc .\CortexM0\ARM_GCC_493\Debug\bldc.a(UART_SPI_UART.o)
                0x0000299c                UART_SpiUartReadRxData
 .text.UART_SpiUartGetRxBufferSize
                0x000029a8       0x10 .\CortexM0\ARM_GCC_493\Debug\bldc.a(UART_SPI_UART.o)
                0x000029a8                UART_SpiUartGetRxBufferSize
 .text.UART_SpiUartWriteTxData
                0x000029b8       0x1c .\CortexM0\ARM_GCC_493\Debug\bldc.a(UART_SPI_UART.o)
                0x000029b8                UART_SpiUartWriteTxData
 .text.UART_UartInit
                0x000029d4       0x9c .\CortexM0\ARM_GCC_493\Debug\bldc.a(UART_UART.o)
                0x000029d4                UART_UartInit
 .text.UART_UartPostEnable
                0x00002a70       0x24 .\CortexM0\ARM_GCC_493\Debug\bldc.a(UART_UART.o)
                0x00002a70                UART_UartPostEnable
 .text.UART_UartGetChar
                0x00002a94       0x2c .\CortexM0\ARM_GCC_493\Debug\bldc.a(UART_UART.o)
                0x00002a94                UART_UartGetChar
 .text.UART_UartPutString
                0x00002ac0       0x18 .\CortexM0\ARM_GCC_493\Debug\bldc.a(UART_UART.o)
                0x00002ac0                UART_UartPutString
 .text.txISR_SetVector
                0x00002ad8        0xc .\CortexM0\ARM_GCC_493\Debug\bldc.a(txISR.o)
                0x00002ad8                txISR_SetVector
 .text.txISR_SetPriority
                0x00002ae4       0x24 .\CortexM0\ARM_GCC_493\Debug\bldc.a(txISR.o)
                0x00002ae4                txISR_SetPriority
 .text.txISR_Enable
                0x00002b08        0xc .\CortexM0\ARM_GCC_493\Debug\bldc.a(txISR.o)
                0x00002b08                txISR_Enable
 .text.txISR_Disable
                0x00002b14        0xc .\CortexM0\ARM_GCC_493\Debug\bldc.a(txISR.o)
                0x00002b14                txISR_Disable
 .text.txISR_StartEx
                0x00002b20       0x1c .\CortexM0\ARM_GCC_493\Debug\bldc.a(txISR.o)
                0x00002b20                txISR_StartEx
 .text.rxISR_SetVector
                0x00002b3c        0xc .\CortexM0\ARM_GCC_493\Debug\bldc.a(rxISR.o)
                0x00002b3c                rxISR_SetVector
 .text.rxISR_SetPriority
                0x00002b48       0x20 .\CortexM0\ARM_GCC_493\Debug\bldc.a(rxISR.o)
                0x00002b48                rxISR_SetPriority
 .text.rxISR_Enable
                0x00002b68       0x10 .\CortexM0\ARM_GCC_493\Debug\bldc.a(rxISR.o)
                0x00002b68                rxISR_Enable
 .text.rxISR_Disable
                0x00002b78       0x10 .\CortexM0\ARM_GCC_493\Debug\bldc.a(rxISR.o)
                0x00002b78                rxISR_Disable
 .text.rxISR_StartEx
                0x00002b88       0x1c .\CortexM0\ARM_GCC_493\Debug\bldc.a(rxISR.o)
                0x00002b88                rxISR_StartEx
 .text.EEPROM_Start
                0x00002ba4        0x4 .\CortexM0\ARM_GCC_493\Debug\bldc.a(EEPROM.o)
                0x00002ba4                EEPROM_Start
 .text.EEPROM_Write
                0x00002ba8       0x84 .\CortexM0\ARM_GCC_493\Debug\bldc.a(EEPROM.o)
                0x00002ba8                EEPROM_Write
 .text.TX_SEND_WriteCounter
                0x00002c2c       0x10 .\CortexM0\ARM_GCC_493\Debug\bldc.a(TX_SEND.o)
                0x00002c2c                TX_SEND_WriteCounter
 .text.TX_SEND_WritePeriod
                0x00002c3c       0x10 .\CortexM0\ARM_GCC_493\Debug\bldc.a(TX_SEND.o)
                0x00002c3c                TX_SEND_WritePeriod
 .text.TX_SEND_TriggerCommand
                0x00002c4c       0x1c .\CortexM0\ARM_GCC_493\Debug\bldc.a(TX_SEND.o)
                0x00002c4c                TX_SEND_TriggerCommand
 .text.TX_SEND_Enable
                0x00002c68       0x24 .\CortexM0\ARM_GCC_493\Debug\bldc.a(TX_SEND.o)
                0x00002c68                TX_SEND_Enable
 .text.TX_SEND_SetInterruptMode
                0x00002c8c        0xc .\CortexM0\ARM_GCC_493\Debug\bldc.a(TX_SEND.o)
                0x00002c8c                TX_SEND_SetInterruptMode
 .text.TX_SEND_Init
                0x00002c98       0x30 .\CortexM0\ARM_GCC_493\Debug\bldc.a(TX_SEND.o)
                0x00002c98                TX_SEND_Init
 .text.TX_SEND_Start
                0x00002cc8       0x20 .\CortexM0\ARM_GCC_493\Debug\bldc.a(TX_SEND.o)
                0x00002cc8                TX_SEND_Start
 .text.stepISR_SetVector
                0x00002ce8        0xc .\CortexM0\ARM_GCC_493\Debug\bldc.a(stepISR.o)
                0x00002ce8                stepISR_SetVector
 .text.stepISR_SetPriority
                0x00002cf4       0x20 .\CortexM0\ARM_GCC_493\Debug\bldc.a(stepISR.o)
                0x00002cf4                stepISR_SetPriority
 .text.stepISR_Enable
                0x00002d14        0xc .\CortexM0\ARM_GCC_493\Debug\bldc.a(stepISR.o)
                0x00002d14                stepISR_Enable
 .text.stepISR_Disable
                0x00002d20        0xc .\CortexM0\ARM_GCC_493\Debug\bldc.a(stepISR.o)
                0x00002d20                stepISR_Disable
 .text.stepISR_StartEx
                0x00002d2c       0x1c .\CortexM0\ARM_GCC_493\Debug\bldc.a(stepISR.o)
                0x00002d2c                stepISR_StartEx
 .text          0x00002d48       0x28 .\CortexM0\ARM_GCC_493\Debug\bldc.a(CyBootAsmGnu.o)
                0x00002d48                CyDelayCycles
                0x00002d5c                CyEnterCriticalSection
                0x00002d64                CyExitCriticalSection
 .text.CySysFlashClockBackup
                0x00002d70       0x14 .\CortexM0\ARM_GCC_493\Debug\bldc.a(CyFlash.o)
 .text.CySysFlashClockRestore
                0x00002d84       0x14 .\CortexM0\ARM_GCC_493\Debug\bldc.a(CyFlash.o)
 .text.CySysFlashWriteRow
                0x00002d98      0x1d8 .\CortexM0\ARM_GCC_493\Debug\bldc.a(CyFlash.o)
                0x00002d98                CySysFlashWriteRow
 .text          0x00002f70      0x120 c:/program files (x86)/cypress/psoc creator/3.3/psoc creator/import/gnu/arm/4.9.3/bin/../lib/gcc/arm-none-eabi/4.9.3/armv6-m\libgcc.a(_udivsi3.o)
                0x00002f70                __aeabi_uidiv
                0x00002f70                __udivsi3
                0x0000307c                __aeabi_uidivmod
 .text          0x00003090        0x4 c:/program files (x86)/cypress/psoc creator/3.3/psoc creator/import/gnu/arm/4.9.3/bin/../lib/gcc/arm-none-eabi/4.9.3/armv6-m\libgcc.a(_dvmd_tls.o)
                0x00003090                __aeabi_idiv0
                0x00003090                __aeabi_ldiv0
 .text.atoi     0x00003094        0xc c:/program files (x86)/cypress/psoc creator/3.3/psoc creator/import/gnu/arm/4.9.3/bin/../lib/gcc/arm-none-eabi/4.9.3/../../../../arm-none-eabi/lib/armv6-m\libg_nano.a(lib_a-atoi.o)
                0x00003094                atoi
 .text.__libc_init_array
                0x000030a0       0x4c c:/program files (x86)/cypress/psoc creator/3.3/psoc creator/import/gnu/arm/4.9.3/bin/../lib/gcc/arm-none-eabi/4.9.3/../../../../arm-none-eabi/lib/armv6-m\libg_nano.a(lib_a-init.o)
                0x000030a0                __libc_init_array
 .text.memcpy   0x000030ec       0x12 c:/program files (x86)/cypress/psoc creator/3.3/psoc creator/import/gnu/arm/4.9.3/bin/../lib/gcc/arm-none-eabi/4.9.3/../../../../arm-none-eabi/lib/armv6-m\libg_nano.a(lib_a-memcpy.o)
                0x000030ec                memcpy
 .text.memset   0x000030fe       0x10 c:/program files (x86)/cypress/psoc creator/3.3/psoc creator/import/gnu/arm/4.9.3/bin/../lib/gcc/arm-none-eabi/4.9.3/../../../../arm-none-eabi/lib/armv6-m\libg_nano.a(lib_a-memset.o)
                0x000030fe                memset
 *fill*         0x0000310e        0x2 
 .text._strtol_r
                0x00003110      0x120 c:/program files (x86)/cypress/psoc creator/3.3/psoc creator/import/gnu/arm/4.9.3/bin/../lib/gcc/arm-none-eabi/4.9.3/../../../../arm-none-eabi/lib/armv6-m\libg_nano.a(lib_a-strtol.o)
                0x00003110                _strtol_r
 .text.strtol   0x00003230       0x1c c:/program files (x86)/cypress/psoc creator/3.3/psoc creator/import/gnu/arm/4.9.3/bin/../lib/gcc/arm-none-eabi/4.9.3/../../../../arm-none-eabi/lib/armv6-m\libg_nano.a(lib_a-strtol.o)
                0x00003230                strtol
 *(.plt)
 *(.gnu.warning)
 *(.glue_7t)
 .glue_7t       0x00000000        0x0 linker stubs
 *(.glue_7)
 .glue_7        0x00000000        0x0 linker stubs
 *(.vfp11_veneer)
 .vfp11_veneer  0x00000000        0x0 linker stubs
 *(.bootloader)
 *(.ARM.extab* .gnu.linkonce.armextab.*)
 *(.gcc_except_table)

.v4_bx          0x0000324c        0x0
 .v4_bx         0x00000000        0x0 linker stubs

.iplt           0x0000324c        0x0
 .iplt          0x00000000        0x0 c:/program files (x86)/cypress/psoc creator/3.3/psoc creator/import/gnu/arm/4.9.3/bin/../lib/gcc/arm-none-eabi/4.9.3/armv6-m/crtbegin.o

.eh_frame_hdr
 *(.eh_frame_hdr)

.eh_frame       0x0000324c        0x4
 *(.eh_frame)
 .eh_frame      0x0000324c        0x0 c:/program files (x86)/cypress/psoc creator/3.3/psoc creator/import/gnu/arm/4.9.3/bin/../lib/gcc/arm-none-eabi/4.9.3/armv6-m/crtbegin.o
 .eh_frame      0x0000324c        0x4 c:/program files (x86)/cypress/psoc creator/3.3/psoc creator/import/gnu/arm/4.9.3/bin/../lib/gcc/arm-none-eabi/4.9.3/armv6-m/crtend.o
                0x00003250                PROVIDE (__exidx_start, .)

.ARM.exidx
 *(.ARM.exidx* .gnu.linkonce.armexidx.*)
                0x00003250                __exidx_end = .

.rodata         0x00003250      0x5a0
 *(.rodata .rodata.* .gnu.linkonce.r.*)
 .rodata        0x00003250      0x134 .\CortexM0\ARM_GCC_493\Debug\main.o
 .rodata        0x00003384      0x2f4 .\CortexM0\ARM_GCC_493\Debug\bldc.a(cyfitter_cfg.o)
 .rodata        0x00003678       0x30 .\CortexM0\ARM_GCC_493\Debug\bldc.a(CyLib.o)
                0x00003678                cyImoFreqMhz2Reg
 .rodata        0x000036a8        0xc .\CortexM0\ARM_GCC_493\Debug\bldc.a(ADC.o)
 .rodata.str1.1
                0x000036b4        0x2 c:/program files (x86)/cypress/psoc creator/3.3/psoc creator/import/gnu/arm/4.9.3/bin/../lib/gcc/arm-none-eabi/4.9.3/../../../../arm-none-eabi/lib/armv6-m\libg_nano.a(lib_a-impure.o)
 .rodata._ctype_
                0x000036b6      0x101 c:/program files (x86)/cypress/psoc creator/3.3/psoc creator/import/gnu/arm/4.9.3/bin/../lib/gcc/arm-none-eabi/4.9.3/../../../../arm-none-eabi/lib/armv6-m\libg_nano.a(lib_a-ctype_.o)
                0x000036b6                _ctype_
                0x000037b8                . = ALIGN (0x4)
 *fill*         0x000037b7        0x1 
 *(.init)
 .init          0x000037b8        0x4 c:/program files (x86)/cypress/psoc creator/3.3/psoc creator/import/gnu/arm/4.9.3/bin/../lib/gcc/arm-none-eabi/4.9.3/armv6-m/crti.o
                0x000037b8                _init
 .init          0x000037bc        0x8 c:/program files (x86)/cypress/psoc creator/3.3/psoc creator/import/gnu/arm/4.9.3/bin/../lib/gcc/arm-none-eabi/4.9.3/armv6-m/crtn.o
                0x000037c4                . = ALIGN (0x4)
                0x000037c4                __preinit_array_start = .
 *(.preinit_array)
                0x000037c4                __preinit_array_end = .
                0x000037c4                . = ALIGN (0x4)
                0x000037c4                __init_array_start = .
 *(SORT(.init_array.*))
 *(.init_array)
 .init_array    0x000037c4        0x4 c:/program files (x86)/cypress/psoc creator/3.3/psoc creator/import/gnu/arm/4.9.3/bin/../lib/gcc/arm-none-eabi/4.9.3/armv6-m/crtbegin.o
 .init_array    0x000037c8        0x4 .\CortexM0\ARM_GCC_493\Debug\Cm0Start.o
                0x000037cc                __init_array_end = .
                0x000037cc                . = ALIGN (0x4)
 *(.fini)
 .fini          0x000037cc        0x4 c:/program files (x86)/cypress/psoc creator/3.3/psoc creator/import/gnu/arm/4.9.3/bin/../lib/gcc/arm-none-eabi/4.9.3/armv6-m/crti.o
                0x000037cc                _fini
 .fini          0x000037d0        0x8 c:/program files (x86)/cypress/psoc creator/3.3/psoc creator/import/gnu/arm/4.9.3/bin/../lib/gcc/arm-none-eabi/4.9.3/armv6-m/crtn.o
                0x000037d8                . = ALIGN (0x4)
                0x000037d8                __fini_array_start = .
 *(.fini_array)
 .fini_array    0x000037d8        0x4 c:/program files (x86)/cypress/psoc creator/3.3/psoc creator/import/gnu/arm/4.9.3/bin/../lib/gcc/arm-none-eabi/4.9.3/armv6-m/crtbegin.o
 *(SORT(.fini_array.*))
                0x000037dc                __fini_array_end = .
                0x000037dc                . = ALIGN (0x4)
 *crtbegin.o(.ctors)
 *(EXCLUDE_FILE(*crtend.o) .ctors)
 *(SORT(.ctors.*))
 *crtend.o(.ctors)
                0x000037dc                . = ALIGN (0x4)
 *crtbegin.o(.dtors)
 *(EXCLUDE_FILE(*crtend.o) .dtors)
 *(SORT(.dtors.*))
 *crtend.o(.dtors)
                0x000037dc                . = ALIGN (0x4)
                0x000037dc                __cy_regions = .
                0x000037dc        0x4 LONG 0x37f0 __cy_region_init_ram
                0x000037e0        0x4 LONG 0x200000d0 __cy_region_start_data
                0x000037e4        0x4 LONG 0x80 __cy_region_init_size_ram
                0x000037e8        0x4 LONG 0x70 __cy_region_zero_size_ram
                0x000037ec                __cy_regions_end = .
                0x000037f0                . = ALIGN (0x8)
 *fill*         0x000037ec        0x4 
                0x000037f0                _etext = .

.ramvectors     0x20000000       0xc0
                0x20000000                __cy_region_start_ram = .
 *(.ramvectors)
 .ramvectors    0x20000000       0xc0 .\CortexM0\ARM_GCC_493\Debug\Cm0Start.o
                0x20000000                CyRamVectors

.btldr_run      0x200000c0        0x4
 *(.bootloaderruntype)
 .bootloaderruntype
                0x200000c0        0x4 .\CortexM0\ARM_GCC_493\Debug\Cm0Start.o
                0x200000c0                cyBtldrRunType

.noinit         0x200000c8        0x4
 *(.noinit)
 .noinit        0x200000c8        0x4 .\CortexM0\ARM_GCC_493\Debug\Cm0Start.o

.data           0x200000d0       0x80 load address 0x000037f0
                0x200000d0                __cy_region_start_data = .
 *(.jcr)
 .jcr           0x200000d0        0x0 c:/program files (x86)/cypress/psoc creator/3.3/psoc creator/import/gnu/arm/4.9.3/bin/../lib/gcc/arm-none-eabi/4.9.3/armv6-m/crtbegin.o
 .jcr           0x200000d0        0x4 c:/program files (x86)/cypress/psoc creator/3.3/psoc creator/import/gnu/arm/4.9.3/bin/../lib/gcc/arm-none-eabi/4.9.3/armv6-m/crtend.o
 *(.got.plt)
 *(.got)
 *(.shdata)
 *(.data .data.* .gnu.linkonce.d.*)
 .data          0x200000d4       0x10 .\CortexM0\ARM_GCC_493\Debug\bldc.a(CyLib.o)
                0x200000d4                cydelay32kMs
                0x200000d8                cydelayFreqKhz
                0x200000dc                cydelayFreqMhz
                0x200000e0                cydelayFreqHz
 .data          0x200000e4        0x4 .\CortexM0\ARM_GCC_493\Debug\bldc.a(CyLFClk.o)
 .data.impure_data
                0x200000e8       0x60 c:/program files (x86)/cypress/psoc creator/3.3/psoc creator/import/gnu/arm/4.9.3/bin/../lib/gcc/arm-none-eabi/4.9.3/../../../../arm-none-eabi/lib/armv6-m\libg_nano.a(lib_a-impure.o)
 .data._impure_ptr
                0x20000148        0x4 c:/program files (x86)/cypress/psoc creator/3.3/psoc creator/import/gnu/arm/4.9.3/bin/../lib/gcc/arm-none-eabi/4.9.3/../../../../arm-none-eabi/lib/armv6-m\libg_nano.a(lib_a-impure.o)
                0x20000148                _impure_ptr
 .data.__ctype_ptr__
                0x2000014c        0x4 c:/program files (x86)/cypress/psoc creator/3.3/psoc creator/import/gnu/arm/4.9.3/bin/../lib/gcc/arm-none-eabi/4.9.3/../../../../arm-none-eabi/lib/armv6-m\libg_nano.a(lib_a-ctype_.o)
                0x2000014c                __ctype_ptr__
                0x20000150                . = ALIGN (0x8)
 *(.ram)
                0x20000150                _edata = .

.igot.plt       0x20000150        0x0 load address 0x00003870
 .igot.plt      0x00000000        0x0 c:/program files (x86)/cypress/psoc creator/3.3/psoc creator/import/gnu/arm/4.9.3/bin/../lib/gcc/arm-none-eabi/4.9.3/armv6-m/crtbegin.o

.bss            0x20000150       0x70 load address 0x00003870
                0x20000150                PROVIDE (__bss_start__, .)
 *(.shbss)
 *(.bss .bss.* .gnu.linkonce.b.*)
 .bss           0x20000150       0x1c c:/program files (x86)/cypress/psoc creator/3.3/psoc creator/import/gnu/arm/4.9.3/bin/../lib/gcc/arm-none-eabi/4.9.3/armv6-m/crtbegin.o
 .bss           0x2000016c       0x20 .\CortexM0\ARM_GCC_493\Debug\bldc.a(CyLFClk.o)
 .bss           0x2000018c        0x1 .\CortexM0\ARM_GCC_493\Debug\bldc.a(VPWM.o)
                0x2000018c                VPWM_initVar
 .bss           0x2000018d        0x1 .\CortexM0\ARM_GCC_493\Debug\bldc.a(WPWM.o)
                0x2000018d                WPWM_initVar
 .bss           0x2000018e        0x1 .\CortexM0\ARM_GCC_493\Debug\bldc.a(QDEC.o)
                0x2000018e                QDEC_initVar
 *fill*         0x2000018f        0x1 
 .bss           0x20000190        0x4 .\CortexM0\ARM_GCC_493\Debug\bldc.a(QDEC_INT.o)
                0x20000190                QDEC_count32SoftPart
 .bss           0x20000194        0x1 .\CortexM0\ARM_GCC_493\Debug\bldc.a(QDEC_Cnt16.o)
                0x20000194                QDEC_Cnt16_initVar
 .bss           0x20000195        0x1 .\CortexM0\ARM_GCC_493\Debug\bldc.a(ADC.o)
                0x20000195                ADC_initVar
 .bss           0x20000196        0x4 .\CortexM0\ARM_GCC_493\Debug\bldc.a(UART.o)
                0x20000196                UART_initVar
                0x20000198                UART_IntrTxMask
 .bss           0x2000019a        0x1 .\CortexM0\ARM_GCC_493\Debug\bldc.a(TX_SEND.o)
                0x2000019a                TX_SEND_initVar
 *fill*         0x2000019b        0x1 
 .bss           0x2000019c        0x4 .\CortexM0\ARM_GCC_493\Debug\bldc.a(CyFlash.o)
 *(COMMON)
 COMMON         0x200001a0        0xf .\CortexM0\ARM_GCC_493\Debug\main.o
                0x200001a0                command_parser
                0x200001a6                timeout_counter
                0x200001a8                set_point
                0x200001ac                transmit_ready
                0x200001ad                command_ready
                0x200001ae                command_index
 *fill*         0x200001af        0x1 
 COMMON         0x200001b0        0xc .\CortexM0\ARM_GCC_493\Debug\bldc.a(ADC.o)
                0x200001b0                ADC_countsPer10Volt
                0x200001b8                ADC_offset
                0x200001c0                . = ALIGN (0x8)
 *fill*         0x200001bc        0x4 
 *(.ram.b)
                0x200001c0                _end = .
                0x200001c0                __end = .
                0x200001c0                PROVIDE (end, .)
                0x200001c0                PROVIDE (__bss_end__, .)
                0x000037f0                __cy_region_init_ram = LOADADDR (.data)
                0x00000080                __cy_region_init_size_ram = (_edata - ADDR (.data))
                0x00000070                __cy_region_zero_size_ram = (_end - _edata)

.heap           0x200001c0       0x20 load address 0x00003870
                0x200001c0                . = _end
                0x200001e0                . = (. + 0x20)
 *fill*         0x200001c0       0x20 
                0x200001e0                __cy_heap_limit = .

.stack          0x20000f00      0x100
                0x20000f00                __cy_stack_limit = .
                0x20001000                . = (. + 0x100)
 *fill*         0x20000f00      0x100 
                0x00000001                ASSERT ((__cy_stack_limit >= __cy_heap_limit), region RAM overflowed with stack)

.cy_checksum_exclude
                0x00007f80        0x0
 *(.cy_checksum_exclude)
                0x00000000                cy_checksum_exclude_size = (CY_APPL_LOADABLE == 0x1)?SIZEOF (.cy_checksum_exclude):0x0
                0x00000001                ASSERT ((cy_checksum_exclude_size <= CY_CHECKSUM_EXCLUDE_SIZE), CY_BOOT: Section .cy_checksum_exclude size exceedes specified limit.)
                0xf0000000                cyloadermeta_start = (cy_project_type_bootloader || cy_project_type_app_for_stack_and_copier)?(0x8000 - CY_METADATA_SIZE):0xf0000000

.cyloadermeta   0xf0000000       0x40
 *(.cyloadermeta)
 .cyloadermeta  0xf0000000       0x40 .\CortexM0\ARM_GCC_493\Debug\cybootloader.o
                0xf0000000                cy_meta_loader
                0x00007fc0                cyloadablemeta_start = cy_project_type_app_for_stack_and_copier?((0x8000 - CY_FLASH_ROW_SIZE) - CY_METADATA_SIZE):((0x8000 - (CY_FLASH_ROW_SIZE * (CY_APPL_NUM - 0x1))) - CY_METADATA_SIZE)

.cyloadablemeta
                0x00007fc0       0x40
 *(.cyloadablemeta)
 .cyloadablemeta
                0x00007fc0       0x40 .\CortexM0\ARM_GCC_493\Debug\cymetadata.o
                0x00007fc0                cy_meta_loadable

.cyflashprotect
                0x90400000       0x20
 *(.cyflashprotect)
 .cyflashprotect
                0x90400000       0x20 .\CortexM0\ARM_GCC_493\Debug\cybootloader.o
                0x90400000                cy_meta_flashprotect

.cymeta         0x90500000        0xc
 *(.cymeta)
 .cymeta        0x90500000        0xc .\CortexM0\ARM_GCC_493\Debug\cybootloader.o
                0x90500000                cy_metadata

.cychipprotect  0x90600000        0x4
 *(.cychipprotect)
 .cychipprotect
                0x90600000        0x4 .\CortexM0\ARM_GCC_493\Debug\cybootloader.o
                0x90600000                cy_meta_chipprotect

.rel.dyn        0x00008000        0x0 load address 0x90600004
 .rel.iplt      0x00000000        0x0 c:/program files (x86)/cypress/psoc creator/3.3/psoc creator/import/gnu/arm/4.9.3/bin/../lib/gcc/arm-none-eabi/4.9.3/armv6-m/crtbegin.o

.stab
 *(.stab)

.stabstr
 *(.stabstr)

.debug
 *(.debug)

.line
 *(.line)

.debug_srcinfo
 *(.debug_srcinfo)

.debug_sfnames
 *(.debug_sfnames)

.debug_aranges  0x00000000      0xf00
 *(.debug_aranges)
 .debug_aranges
                0x00000000       0x40 .\CortexM0\ARM_GCC_493\Debug\main.o
 .debug_aranges
                0x00000040       0x18 .\CortexM0\ARM_GCC_493\Debug\cymetadata.o
 .debug_aranges
                0x00000058       0x48 .\CortexM0\ARM_GCC_493\Debug\Cm0Start.o
 .debug_aranges
                0x000000a0       0x18 .\CortexM0\ARM_GCC_493\Debug\cybootloader.o
 .debug_aranges
                0x000000b8       0x48 .\CortexM0\ARM_GCC_493\Debug\bldc.a(cyfitter_cfg.o)
 .debug_aranges
                0x00000100       0x48 .\CortexM0\ARM_GCC_493\Debug\bldc.a(vin.o)
 .debug_aranges
                0x00000148       0x48 .\CortexM0\ARM_GCC_493\Debug\bldc.a(err.o)
 .debug_aranges
                0x00000190      0x178 .\CortexM0\ARM_GCC_493\Debug\bldc.a(CyLib.o)
 .debug_aranges
                0x00000308      0x138 .\CortexM0\ARM_GCC_493\Debug\bldc.a(CyLFClk.o)
 .debug_aranges
                0x00000440       0x48 .\CortexM0\ARM_GCC_493\Debug\bldc.a(enable_gate_driver.o)
 .debug_aranges
                0x00000488      0x158 .\CortexM0\ARM_GCC_493\Debug\bldc.a(VPWM.o)
 .debug_aranges
                0x000005e0      0x158 .\CortexM0\ARM_GCC_493\Debug\bldc.a(WPWM.o)
 .debug_aranges
                0x00000738       0x60 .\CortexM0\ARM_GCC_493\Debug\bldc.a(QDEC.o)
 .debug_aranges
                0x00000798       0x20 .\CortexM0\ARM_GCC_493\Debug\bldc.a(QDEC_INT.o)
 .debug_aranges
                0x000007b8       0x48 .\CortexM0\ARM_GCC_493\Debug\bldc.a(direction.o)
 .debug_aranges
                0x00000800       0x48 .\CortexM0\ARM_GCC_493\Debug\bldc.a(step.o)
 .debug_aranges
                0x00000848       0x48 .\CortexM0\ARM_GCC_493\Debug\bldc.a(reset.o)
 .debug_aranges
                0x00000890       0x48 .\CortexM0\ARM_GCC_493\Debug\bldc.a(error.o)
 .debug_aranges
                0x000008d8       0x48 .\CortexM0\ARM_GCC_493\Debug\bldc.a(fault_gate_driver.o)
 .debug_aranges
                0x00000920       0x98 .\CortexM0\ARM_GCC_493\Debug\bldc.a(QDEC_Cnt16.o)
 .debug_aranges
                0x000009b8       0xa8 .\CortexM0\ARM_GCC_493\Debug\bldc.a(ADC.o)
 .debug_aranges
                0x00000a60       0x20 .\CortexM0\ARM_GCC_493\Debug\bldc.a(ADC_INT.o)
 .debug_aranges
                0x00000a80       0x60 .\CortexM0\ARM_GCC_493\Debug\bldc.a(UART.o)
 .debug_aranges
                0x00000ae0       0x60 .\CortexM0\ARM_GCC_493\Debug\bldc.a(UART_SPI_UART.o)
 .debug_aranges
                0x00000b40       0x60 .\CortexM0\ARM_GCC_493\Debug\bldc.a(UART_UART.o)
 .debug_aranges
                0x00000ba0       0x80 .\CortexM0\ARM_GCC_493\Debug\bldc.a(txISR.o)
 .debug_aranges
                0x00000c20       0x80 .\CortexM0\ARM_GCC_493\Debug\bldc.a(rxISR.o)
 .debug_aranges
                0x00000ca0       0x30 .\CortexM0\ARM_GCC_493\Debug\bldc.a(EEPROM.o)
 .debug_aranges
                0x00000cd0      0x158 .\CortexM0\ARM_GCC_493\Debug\bldc.a(TX_SEND.o)
 .debug_aranges
                0x00000e28       0x80 .\CortexM0\ARM_GCC_493\Debug\bldc.a(stepISR.o)
 .debug_aranges
                0x00000ea8       0x20 .\CortexM0\ARM_GCC_493\Debug\bldc.a(CyBootAsmGnu.o)
 .debug_aranges
                0x00000ec8       0x38 .\CortexM0\ARM_GCC_493\Debug\bldc.a(CyFlash.o)

.debug_pubnames
 *(.debug_pubnames)

.debug_info     0x00000000     0x7778
 *(.debug_info .gnu.linkonce.wi.*)
 .debug_info    0x00000000      0x998 .\CortexM0\ARM_GCC_493\Debug\main.o
 .debug_info    0x00000998       0xb2 .\CortexM0\ARM_GCC_493\Debug\cymetadata.o
 .debug_info    0x00000a4a      0x39d .\CortexM0\ARM_GCC_493\Debug\Cm0Start.o
 .debug_info    0x00000de7      0x14e .\CortexM0\ARM_GCC_493\Debug\cybootloader.o
 .debug_info    0x00000f35      0x40f .\CortexM0\ARM_GCC_493\Debug\bldc.a(cyfitter_cfg.o)
 .debug_info    0x00001344      0x19d .\CortexM0\ARM_GCC_493\Debug\bldc.a(vin.o)
 .debug_info    0x000014e1      0x19d .\CortexM0\ARM_GCC_493\Debug\bldc.a(err.o)
 .debug_info    0x0000167e      0xad1 .\CortexM0\ARM_GCC_493\Debug\bldc.a(CyLib.o)
 .debug_info    0x0000214f      0xcfc .\CortexM0\ARM_GCC_493\Debug\bldc.a(CyLFClk.o)
 .debug_info    0x00002e4b      0x19d .\CortexM0\ARM_GCC_493\Debug\bldc.a(enable_gate_driver.o)
 .debug_info    0x00002fe8      0x904 .\CortexM0\ARM_GCC_493\Debug\bldc.a(VPWM.o)
 .debug_info    0x000038ec      0x904 .\CortexM0\ARM_GCC_493\Debug\bldc.a(WPWM.o)
 .debug_info    0x000041f0      0x3ff .\CortexM0\ARM_GCC_493\Debug\bldc.a(QDEC.o)
 .debug_info    0x000045ef       0xec .\CortexM0\ARM_GCC_493\Debug\bldc.a(QDEC_INT.o)
 .debug_info    0x000046db      0x19d .\CortexM0\ARM_GCC_493\Debug\bldc.a(direction.o)
 .debug_info    0x00004878      0x19d .\CortexM0\ARM_GCC_493\Debug\bldc.a(step.o)
 .debug_info    0x00004a15      0x19d .\CortexM0\ARM_GCC_493\Debug\bldc.a(reset.o)
 .debug_info    0x00004bb2      0x19b .\CortexM0\ARM_GCC_493\Debug\bldc.a(error.o)
 .debug_info    0x00004d4d      0x19d .\CortexM0\ARM_GCC_493\Debug\bldc.a(fault_gate_driver.o)
 .debug_info    0x00004eea      0x340 .\CortexM0\ARM_GCC_493\Debug\bldc.a(QDEC_Cnt16.o)
 .debug_info    0x0000522a      0x5bf .\CortexM0\ARM_GCC_493\Debug\bldc.a(ADC.o)
 .debug_info    0x000057e9       0xc4 .\CortexM0\ARM_GCC_493\Debug\bldc.a(ADC_INT.o)
 .debug_info    0x000058ad      0x239 .\CortexM0\ARM_GCC_493\Debug\bldc.a(UART.o)
 .debug_info    0x00005ae6      0x219 .\CortexM0\ARM_GCC_493\Debug\bldc.a(UART_SPI_UART.o)
 .debug_info    0x00005cff      0x2c4 .\CortexM0\ARM_GCC_493\Debug\bldc.a(UART_UART.o)
 .debug_info    0x00005fc3      0x300 .\CortexM0\ARM_GCC_493\Debug\bldc.a(txISR.o)
 .debug_info    0x000062c3      0x300 .\CortexM0\ARM_GCC_493\Debug\bldc.a(rxISR.o)
 .debug_info    0x000065c3      0x1e4 .\CortexM0\ARM_GCC_493\Debug\bldc.a(EEPROM.o)
 .debug_info    0x000067a7      0x8f1 .\CortexM0\ARM_GCC_493\Debug\bldc.a(TX_SEND.o)
 .debug_info    0x00007098      0x300 .\CortexM0\ARM_GCC_493\Debug\bldc.a(stepISR.o)
 .debug_info    0x00007398       0x77 .\CortexM0\ARM_GCC_493\Debug\bldc.a(CyBootAsmGnu.o)
 .debug_info    0x0000740f      0x369 .\CortexM0\ARM_GCC_493\Debug\bldc.a(CyFlash.o)

.debug_abbrev   0x00000000     0x25f4
 *(.debug_abbrev)
 .debug_abbrev  0x00000000      0x221 .\CortexM0\ARM_GCC_493\Debug\main.o
 .debug_abbrev  0x00000221       0x5d .\CortexM0\ARM_GCC_493\Debug\cymetadata.o
 .debug_abbrev  0x0000027e      0x20f .\CortexM0\ARM_GCC_493\Debug\Cm0Start.o
 .debug_abbrev  0x0000048d       0x77 .\CortexM0\ARM_GCC_493\Debug\cybootloader.o
 .debug_abbrev  0x00000504      0x212 .\CortexM0\ARM_GCC_493\Debug\bldc.a(cyfitter_cfg.o)
 .debug_abbrev  0x00000716       0xc8 .\CortexM0\ARM_GCC_493\Debug\bldc.a(vin.o)
 .debug_abbrev  0x000007de       0xc8 .\CortexM0\ARM_GCC_493\Debug\bldc.a(err.o)
 .debug_abbrev  0x000008a6      0x20d .\CortexM0\ARM_GCC_493\Debug\bldc.a(CyLib.o)
 .debug_abbrev  0x00000ab3      0x23b .\CortexM0\ARM_GCC_493\Debug\bldc.a(CyLFClk.o)
 .debug_abbrev  0x00000cee       0xc8 .\CortexM0\ARM_GCC_493\Debug\bldc.a(enable_gate_driver.o)
 .debug_abbrev  0x00000db6      0x133 .\CortexM0\ARM_GCC_493\Debug\bldc.a(VPWM.o)
 .debug_abbrev  0x00000ee9      0x133 .\CortexM0\ARM_GCC_493\Debug\bldc.a(WPWM.o)
 .debug_abbrev  0x0000101c      0x17a .\CortexM0\ARM_GCC_493\Debug\bldc.a(QDEC.o)
 .debug_abbrev  0x00001196       0x78 .\CortexM0\ARM_GCC_493\Debug\bldc.a(QDEC_INT.o)
 .debug_abbrev  0x0000120e       0xc8 .\CortexM0\ARM_GCC_493\Debug\bldc.a(direction.o)
 .debug_abbrev  0x000012d6       0xc8 .\CortexM0\ARM_GCC_493\Debug\bldc.a(step.o)
 .debug_abbrev  0x0000139e       0xc8 .\CortexM0\ARM_GCC_493\Debug\bldc.a(reset.o)
 .debug_abbrev  0x00001466       0xc8 .\CortexM0\ARM_GCC_493\Debug\bldc.a(error.o)
 .debug_abbrev  0x0000152e       0xc8 .\CortexM0\ARM_GCC_493\Debug\bldc.a(fault_gate_driver.o)
 .debug_abbrev  0x000015f6      0x131 .\CortexM0\ARM_GCC_493\Debug\bldc.a(QDEC_Cnt16.o)
 .debug_abbrev  0x00001727      0x1c3 .\CortexM0\ARM_GCC_493\Debug\bldc.a(ADC.o)
 .debug_abbrev  0x000018ea       0x65 .\CortexM0\ARM_GCC_493\Debug\bldc.a(ADC_INT.o)
 .debug_abbrev  0x0000194f       0xed .\CortexM0\ARM_GCC_493\Debug\bldc.a(UART.o)
 .debug_abbrev  0x00001a3c      0x14f .\CortexM0\ARM_GCC_493\Debug\bldc.a(UART_SPI_UART.o)
 .debug_abbrev  0x00001b8b      0x13d .\CortexM0\ARM_GCC_493\Debug\bldc.a(UART_UART.o)
 .debug_abbrev  0x00001cc8      0x1b4 .\CortexM0\ARM_GCC_493\Debug\bldc.a(txISR.o)
 .debug_abbrev  0x00001e7c      0x1b4 .\CortexM0\ARM_GCC_493\Debug\bldc.a(rxISR.o)
 .debug_abbrev  0x00002030      0x101 .\CortexM0\ARM_GCC_493\Debug\bldc.a(EEPROM.o)
 .debug_abbrev  0x00002131      0x133 .\CortexM0\ARM_GCC_493\Debug\bldc.a(TX_SEND.o)
 .debug_abbrev  0x00002264      0x1b4 .\CortexM0\ARM_GCC_493\Debug\bldc.a(stepISR.o)
 .debug_abbrev  0x00002418       0x14 .\CortexM0\ARM_GCC_493\Debug\bldc.a(CyBootAsmGnu.o)
 .debug_abbrev  0x0000242c      0x1c8 .\CortexM0\ARM_GCC_493\Debug\bldc.a(CyFlash.o)

.debug_line     0x00000000     0x3253
 *(.debug_line)
 .debug_line    0x00000000      0x36b .\CortexM0\ARM_GCC_493\Debug\main.o
 .debug_line    0x0000036b       0x53 .\CortexM0\ARM_GCC_493\Debug\cymetadata.o
 .debug_line    0x000003be      0x249 .\CortexM0\ARM_GCC_493\Debug\Cm0Start.o
 .debug_line    0x00000607       0x55 .\CortexM0\ARM_GCC_493\Debug\cybootloader.o
 .debug_line    0x0000065c      0x1aa .\CortexM0\ARM_GCC_493\Debug\bldc.a(cyfitter_cfg.o)
 .debug_line    0x00000806       0xbd .\CortexM0\ARM_GCC_493\Debug\bldc.a(vin.o)
 .debug_line    0x000008c3       0xbd .\CortexM0\ARM_GCC_493\Debug\bldc.a(err.o)
 .debug_line    0x00000980      0x44b .\CortexM0\ARM_GCC_493\Debug\bldc.a(CyLib.o)
 .debug_line    0x00000dcb      0x469 .\CortexM0\ARM_GCC_493\Debug\bldc.a(CyLFClk.o)
 .debug_line    0x00001234       0xcc .\CortexM0\ARM_GCC_493\Debug\bldc.a(enable_gate_driver.o)
 .debug_line    0x00001300      0x37d .\CortexM0\ARM_GCC_493\Debug\bldc.a(VPWM.o)
 .debug_line    0x0000167d      0x37d .\CortexM0\ARM_GCC_493\Debug\bldc.a(WPWM.o)
 .debug_line    0x000019fa      0x136 .\CortexM0\ARM_GCC_493\Debug\bldc.a(QDEC.o)
 .debug_line    0x00001b30       0x6c .\CortexM0\ARM_GCC_493\Debug\bldc.a(QDEC_INT.o)
 .debug_line    0x00001b9c       0xc3 .\CortexM0\ARM_GCC_493\Debug\bldc.a(direction.o)
 .debug_line    0x00001c5f       0xbe .\CortexM0\ARM_GCC_493\Debug\bldc.a(step.o)
 .debug_line    0x00001d1d       0xbf .\CortexM0\ARM_GCC_493\Debug\bldc.a(reset.o)
 .debug_line    0x00001ddc       0xbe .\CortexM0\ARM_GCC_493\Debug\bldc.a(error.o)
 .debug_line    0x00001e9a       0xcb .\CortexM0\ARM_GCC_493\Debug\bldc.a(fault_gate_driver.o)
 .debug_line    0x00001f65      0x195 .\CortexM0\ARM_GCC_493\Debug\bldc.a(QDEC_Cnt16.o)
 .debug_line    0x000020fa      0x29a .\CortexM0\ARM_GCC_493\Debug\bldc.a(ADC.o)
 .debug_line    0x00002394       0x64 .\CortexM0\ARM_GCC_493\Debug\bldc.a(ADC_INT.o)
 .debug_line    0x000023f8      0x140 .\CortexM0\ARM_GCC_493\Debug\bldc.a(UART.o)
 .debug_line    0x00002538      0x133 .\CortexM0\ARM_GCC_493\Debug\bldc.a(UART_SPI_UART.o)
 .debug_line    0x0000266b      0x165 .\CortexM0\ARM_GCC_493\Debug\bldc.a(UART_UART.o)
 .debug_line    0x000027d0      0x16a .\CortexM0\ARM_GCC_493\Debug\bldc.a(txISR.o)
 .debug_line    0x0000293a      0x16a .\CortexM0\ARM_GCC_493\Debug\bldc.a(rxISR.o)
 .debug_line    0x00002aa4       0xcc .\CortexM0\ARM_GCC_493\Debug\bldc.a(EEPROM.o)
 .debug_line    0x00002b70      0x37d .\CortexM0\ARM_GCC_493\Debug\bldc.a(TX_SEND.o)
 .debug_line    0x00002eed      0x16c .\CortexM0\ARM_GCC_493\Debug\bldc.a(stepISR.o)
 .debug_line    0x00003059       0x6b .\CortexM0\ARM_GCC_493\Debug\bldc.a(CyBootAsmGnu.o)
 .debug_line    0x000030c4      0x18f .\CortexM0\ARM_GCC_493\Debug\bldc.a(CyFlash.o)

.debug_frame    0x00000000     0x2550
 *(.debug_frame)
 .debug_frame   0x00000000       0x9c .\CortexM0\ARM_GCC_493\Debug\main.o
 .debug_frame   0x0000009c       0xb0 .\CortexM0\ARM_GCC_493\Debug\Cm0Start.o
 .debug_frame   0x0000014c       0xac .\CortexM0\ARM_GCC_493\Debug\bldc.a(cyfitter_cfg.o)
 .debug_frame   0x000001f8       0x70 .\CortexM0\ARM_GCC_493\Debug\bldc.a(vin.o)
 .debug_frame   0x00000268       0x70 .\CortexM0\ARM_GCC_493\Debug\bldc.a(err.o)
 .debug_frame   0x000002d8      0x3d0 .\CortexM0\ARM_GCC_493\Debug\bldc.a(CyLib.o)
 .debug_frame   0x000006a8      0x3a8 .\CortexM0\ARM_GCC_493\Debug\bldc.a(CyLFClk.o)
 .debug_frame   0x00000a50       0x70 .\CortexM0\ARM_GCC_493\Debug\bldc.a(enable_gate_driver.o)
 .debug_frame   0x00000ac0      0x390 .\CortexM0\ARM_GCC_493\Debug\bldc.a(VPWM.o)
 .debug_frame   0x00000e50      0x390 .\CortexM0\ARM_GCC_493\Debug\bldc.a(WPWM.o)
 .debug_frame   0x000011e0       0xe8 .\CortexM0\ARM_GCC_493\Debug\bldc.a(QDEC.o)
 .debug_frame   0x000012c8       0x20 .\CortexM0\ARM_GCC_493\Debug\bldc.a(QDEC_INT.o)
 .debug_frame   0x000012e8       0x70 .\CortexM0\ARM_GCC_493\Debug\bldc.a(direction.o)
 .debug_frame   0x00001358       0x70 .\CortexM0\ARM_GCC_493\Debug\bldc.a(step.o)
 .debug_frame   0x000013c8       0x70 .\CortexM0\ARM_GCC_493\Debug\bldc.a(reset.o)
 .debug_frame   0x00001438       0x70 .\CortexM0\ARM_GCC_493\Debug\bldc.a(error.o)
 .debug_frame   0x000014a8       0x70 .\CortexM0\ARM_GCC_493\Debug\bldc.a(fault_gate_driver.o)
 .debug_frame   0x00001518      0x134 .\CortexM0\ARM_GCC_493\Debug\bldc.a(QDEC_Cnt16.o)
 .debug_frame   0x0000164c      0x1b0 .\CortexM0\ARM_GCC_493\Debug\bldc.a(ADC.o)
 .debug_frame   0x000017fc       0x20 .\CortexM0\ARM_GCC_493\Debug\bldc.a(ADC_INT.o)
 .debug_frame   0x0000181c       0xe8 .\CortexM0\ARM_GCC_493\Debug\bldc.a(UART.o)
 .debug_frame   0x00001904       0xb0 .\CortexM0\ARM_GCC_493\Debug\bldc.a(UART_SPI_UART.o)
 .debug_frame   0x000019b4       0xe0 .\CortexM0\ARM_GCC_493\Debug\bldc.a(UART_UART.o)
 .debug_frame   0x00001a94      0x110 .\CortexM0\ARM_GCC_493\Debug\bldc.a(txISR.o)
 .debug_frame   0x00001ba4      0x110 .\CortexM0\ARM_GCC_493\Debug\bldc.a(rxISR.o)
 .debug_frame   0x00001cb4       0x60 .\CortexM0\ARM_GCC_493\Debug\bldc.a(EEPROM.o)
 .debug_frame   0x00001d14      0x390 .\CortexM0\ARM_GCC_493\Debug\bldc.a(TX_SEND.o)
 .debug_frame   0x000020a4      0x110 .\CortexM0\ARM_GCC_493\Debug\bldc.a(stepISR.o)
 .debug_frame   0x000021b4       0x74 .\CortexM0\ARM_GCC_493\Debug\bldc.a(CyFlash.o)
 .debug_frame   0x00002228       0x20 c:/program files (x86)/cypress/psoc creator/3.3/psoc creator/import/gnu/arm/4.9.3/bin/../lib/gcc/arm-none-eabi/4.9.3/armv6-m\libgcc.a(_udivsi3.o)
 .debug_frame   0x00002248       0x20 c:/program files (x86)/cypress/psoc creator/3.3/psoc creator/import/gnu/arm/4.9.3/bin/../lib/gcc/arm-none-eabi/4.9.3/armv6-m\libgcc.a(_divsi3.o)
 .debug_frame   0x00002268       0x34 c:/program files (x86)/cypress/psoc creator/3.3/psoc creator/import/gnu/arm/4.9.3/bin/../lib/gcc/arm-none-eabi/4.9.3/armv6-m\libgcc.a(_muldi3.o)
 .debug_frame   0x0000229c       0x50 c:/program files (x86)/cypress/psoc creator/3.3/psoc creator/import/gnu/arm/4.9.3/bin/../lib/gcc/arm-none-eabi/4.9.3/armv6-m\libgcc.a(bpabi.o)
 .debug_frame   0x000022ec       0x3c c:/program files (x86)/cypress/psoc creator/3.3/psoc creator/import/gnu/arm/4.9.3/bin/../lib/gcc/arm-none-eabi/4.9.3/armv6-m\libgcc.a(divsf3.o)
 .debug_frame   0x00002328       0x3c c:/program files (x86)/cypress/psoc creator/3.3/psoc creator/import/gnu/arm/4.9.3/bin/../lib/gcc/arm-none-eabi/4.9.3/armv6-m\libgcc.a(mulsf3.o)
 .debug_frame   0x00002364       0x2c c:/program files (x86)/cypress/psoc creator/3.3/psoc creator/import/gnu/arm/4.9.3/bin/../lib/gcc/arm-none-eabi/4.9.3/armv6-m\libgcc.a(floatsisf.o)
 .debug_frame   0x00002390       0x3c c:/program files (x86)/cypress/psoc creator/3.3/psoc creator/import/gnu/arm/4.9.3/bin/../lib/gcc/arm-none-eabi/4.9.3/armv6-m\libgcc.a(_divdi3.o)
 .debug_frame   0x000023cc       0x3c c:/program files (x86)/cypress/psoc creator/3.3/psoc creator/import/gnu/arm/4.9.3/bin/../lib/gcc/arm-none-eabi/4.9.3/armv6-m\libgcc.a(_udivdi3.o)
 .debug_frame   0x00002408       0x40 c:/program files (x86)/cypress/psoc creator/3.3/psoc creator/import/gnu/arm/4.9.3/bin/../lib/gcc/arm-none-eabi/4.9.3/../../../../arm-none-eabi/lib/armv6-m\libg_nano.a(lib_a-atoi.o)
 .debug_frame   0x00002448       0x20 c:/program files (x86)/cypress/psoc creator/3.3/psoc creator/import/gnu/arm/4.9.3/bin/../lib/gcc/arm-none-eabi/4.9.3/../../../../arm-none-eabi/lib/armv6-m\libg_nano.a(lib_a-errno.o)
 .debug_frame   0x00002468       0x28 c:/program files (x86)/cypress/psoc creator/3.3/psoc creator/import/gnu/arm/4.9.3/bin/../lib/gcc/arm-none-eabi/4.9.3/../../../../arm-none-eabi/lib/armv6-m\libg_nano.a(lib_a-exit.o)
 .debug_frame   0x00002490       0x2c c:/program files (x86)/cypress/psoc creator/3.3/psoc creator/import/gnu/arm/4.9.3/bin/../lib/gcc/arm-none-eabi/4.9.3/../../../../arm-none-eabi/lib/armv6-m\libg_nano.a(lib_a-init.o)
 .debug_frame   0x000024bc       0x28 c:/program files (x86)/cypress/psoc creator/3.3/psoc creator/import/gnu/arm/4.9.3/bin/../lib/gcc/arm-none-eabi/4.9.3/../../../../arm-none-eabi/lib/armv6-m\libg_nano.a(lib_a-memcpy.o)
 .debug_frame   0x000024e4       0x20 c:/program files (x86)/cypress/psoc creator/3.3/psoc creator/import/gnu/arm/4.9.3/bin/../lib/gcc/arm-none-eabi/4.9.3/../../../../arm-none-eabi/lib/armv6-m\libg_nano.a(lib_a-memset.o)
 .debug_frame   0x00002504       0x4c c:/program files (x86)/cypress/psoc creator/3.3/psoc creator/import/gnu/arm/4.9.3/bin/../lib/gcc/arm-none-eabi/4.9.3/../../../../arm-none-eabi/lib/armv6-m\libg_nano.a(lib_a-strtol.o)

.debug_str      0x00000000     0x2c99
 *(.debug_str)
 .debug_str     0x00000000      0x4e5 .\CortexM0\ARM_GCC_493\Debug\main.o
                                0x57f (size before relaxing)
 .debug_str     0x000004e5       0x37 .\CortexM0\ARM_GCC_493\Debug\cymetadata.o
                                0x19c (size before relaxing)
 .debug_str     0x0000051c      0x158 .\CortexM0\ARM_GCC_493\Debug\Cm0Start.o
                                0x2f6 (size before relaxing)
 .debug_str     0x00000674       0x7a .\CortexM0\ARM_GCC_493\Debug\cybootloader.o
                                0x1df (size before relaxing)
 .debug_str     0x000006ee      0x127 .\CortexM0\ARM_GCC_493\Debug\bldc.a(cyfitter_cfg.o)
                                0x2f0 (size before relaxing)
 .debug_str     0x00000815       0x9a .\CortexM0\ARM_GCC_493\Debug\bldc.a(vin.o)
                                0x21a (size before relaxing)
 .debug_str     0x000008af       0x71 .\CortexM0\ARM_GCC_493\Debug\bldc.a(err.o)
                                0x21a (size before relaxing)
 .debug_str     0x00000920      0x495 .\CortexM0\ARM_GCC_493\Debug\bldc.a(CyLib.o)
                                0x67b (size before relaxing)
 .debug_str     0x00000db5      0x522 .\CortexM0\ARM_GCC_493\Debug\bldc.a(CyLFClk.o)
                                0x723 (size before relaxing)
 .debug_str     0x000012d7       0xcb .\CortexM0\ARM_GCC_493\Debug\bldc.a(enable_gate_driver.o)
                                0x283 (size before relaxing)
 .debug_str     0x000013a2      0x3a1 .\CortexM0\ARM_GCC_493\Debug\bldc.a(VPWM.o)
                                0x56d (size before relaxing)
 .debug_str     0x00001743      0x2e2 .\CortexM0\ARM_GCC_493\Debug\bldc.a(WPWM.o)
                                0x56d (size before relaxing)
 .debug_str     0x00001a25      0x10c .\CortexM0\ARM_GCC_493\Debug\bldc.a(QDEC.o)
                                0x339 (size before relaxing)
 .debug_str     0x00001b31       0x3b .\CortexM0\ARM_GCC_493\Debug\bldc.a(QDEC_INT.o)
                                0x1c0 (size before relaxing)
 .debug_str     0x00001b6c       0x96 .\CortexM0\ARM_GCC_493\Debug\bldc.a(direction.o)
                                0x244 (size before relaxing)
 .debug_str     0x00001c02       0x6e .\CortexM0\ARM_GCC_493\Debug\bldc.a(step.o)
                                0x221 (size before relaxing)
 .debug_str     0x00001c70       0x7e .\CortexM0\ARM_GCC_493\Debug\bldc.a(reset.o)
                                0x228 (size before relaxing)
 .debug_str     0x00001cee       0x7d .\CortexM0\ARM_GCC_493\Debug\bldc.a(error.o)
                                0x228 (size before relaxing)
 .debug_str     0x00001d6b       0xc6 .\CortexM0\ARM_GCC_493\Debug\bldc.a(fault_gate_driver.o)
                                0x27c (size before relaxing)
 .debug_str     0x00001e31      0x198 .\CortexM0\ARM_GCC_493\Debug\bldc.a(QDEC_Cnt16.o)
                                0x39d (size before relaxing)
 .debug_str     0x00001fc9      0x1c7 .\CortexM0\ARM_GCC_493\Debug\bldc.a(ADC.o)
                                0x3cb (size before relaxing)
 .debug_str     0x00002190       0x37 .\CortexM0\ARM_GCC_493\Debug\bldc.a(ADC_INT.o)
                                0x1a3 (size before relaxing)
 .debug_str     0x000021c7      0x115 .\CortexM0\ARM_GCC_493\Debug\bldc.a(UART.o)
                                0x299 (size before relaxing)
 .debug_str     0x000022dc      0x11f .\CortexM0\ARM_GCC_493\Debug\bldc.a(UART_SPI_UART.o)
                                0x2b4 (size before relaxing)
 .debug_str     0x000023fb       0xaa .\CortexM0\ARM_GCC_493\Debug\bldc.a(UART_UART.o)
                                0x2e8 (size before relaxing)
 .debug_str     0x000024a5       0xe9 .\CortexM0\ARM_GCC_493\Debug\bldc.a(txISR.o)
                                0x2d0 (size before relaxing)
 .debug_str     0x0000258e       0xda .\CortexM0\ARM_GCC_493\Debug\bldc.a(rxISR.o)
                                0x2d0 (size before relaxing)
 .debug_str     0x00002668       0x9c .\CortexM0\ARM_GCC_493\Debug\bldc.a(EEPROM.o)
                                0x230 (size before relaxing)
 .debug_str     0x00002704      0x36f .\CortexM0\ARM_GCC_493\Debug\bldc.a(TX_SEND.o)
                                0x5eb (size before relaxing)
 .debug_str     0x00002a73       0xf4 .\CortexM0\ARM_GCC_493\Debug\bldc.a(stepISR.o)
                                0x2ec (size before relaxing)
 .debug_str     0x00002b67      0x132 .\CortexM0\ARM_GCC_493\Debug\bldc.a(CyFlash.o)
                                0x314 (size before relaxing)

.debug_loc      0x00000000     0x36f8
 *(.debug_loc)
 .debug_loc     0x00000000      0x2bc .\CortexM0\ARM_GCC_493\Debug\main.o
 .debug_loc     0x000002bc      0x14f .\CortexM0\ARM_GCC_493\Debug\Cm0Start.o
 .debug_loc     0x0000040b      0x136 .\CortexM0\ARM_GCC_493\Debug\bldc.a(cyfitter_cfg.o)
 .debug_loc     0x00000541       0xa2 .\CortexM0\ARM_GCC_493\Debug\bldc.a(vin.o)
 .debug_loc     0x000005e3       0xa2 .\CortexM0\ARM_GCC_493\Debug\bldc.a(err.o)
 .debug_loc     0x00000685      0x5b5 .\CortexM0\ARM_GCC_493\Debug\bldc.a(CyLib.o)
 .debug_loc     0x00000c3a      0x9d5 .\CortexM0\ARM_GCC_493\Debug\bldc.a(CyLFClk.o)
 .debug_loc     0x0000160f       0xa2 .\CortexM0\ARM_GCC_493\Debug\bldc.a(enable_gate_driver.o)
 .debug_loc     0x000016b1      0x547 .\CortexM0\ARM_GCC_493\Debug\bldc.a(VPWM.o)
 .debug_loc     0x00001bf8      0x547 .\CortexM0\ARM_GCC_493\Debug\bldc.a(WPWM.o)
 .debug_loc     0x0000213f       0xb4 .\CortexM0\ARM_GCC_493\Debug\bldc.a(QDEC.o)
 .debug_loc     0x000021f3       0x13 .\CortexM0\ARM_GCC_493\Debug\bldc.a(QDEC_INT.o)
 .debug_loc     0x00002206       0xa2 .\CortexM0\ARM_GCC_493\Debug\bldc.a(direction.o)
 .debug_loc     0x000022a8       0xa2 .\CortexM0\ARM_GCC_493\Debug\bldc.a(step.o)
 .debug_loc     0x0000234a       0xa2 .\CortexM0\ARM_GCC_493\Debug\bldc.a(reset.o)
 .debug_loc     0x000023ec       0x81 .\CortexM0\ARM_GCC_493\Debug\bldc.a(error.o)
 .debug_loc     0x0000246d       0xa2 .\CortexM0\ARM_GCC_493\Debug\bldc.a(fault_gate_driver.o)
 .debug_loc     0x0000250f       0x3d .\CortexM0\ARM_GCC_493\Debug\bldc.a(QDEC_Cnt16.o)
 .debug_loc     0x0000254c      0x477 .\CortexM0\ARM_GCC_493\Debug\bldc.a(ADC.o)
 .debug_loc     0x000029c3       0x7e .\CortexM0\ARM_GCC_493\Debug\bldc.a(UART.o)
 .debug_loc     0x00002a41       0x96 .\CortexM0\ARM_GCC_493\Debug\bldc.a(UART_SPI_UART.o)
 .debug_loc     0x00002ad7      0x173 .\CortexM0\ARM_GCC_493\Debug\bldc.a(UART_UART.o)
 .debug_loc     0x00002c4a       0x82 .\CortexM0\ARM_GCC_493\Debug\bldc.a(txISR.o)
 .debug_loc     0x00002ccc       0x82 .\CortexM0\ARM_GCC_493\Debug\bldc.a(rxISR.o)
 .debug_loc     0x00002d4e      0x1c2 .\CortexM0\ARM_GCC_493\Debug\bldc.a(EEPROM.o)
 .debug_loc     0x00002f10      0x547 .\CortexM0\ARM_GCC_493\Debug\bldc.a(TX_SEND.o)
 .debug_loc     0x00003457       0x82 .\CortexM0\ARM_GCC_493\Debug\bldc.a(stepISR.o)
 .debug_loc     0x000034d9      0x21f .\CortexM0\ARM_GCC_493\Debug\bldc.a(CyFlash.o)

.debug_macinfo
 *(.debug_macinfo)

.debug_ranges   0x00000000      0xce0
 *(.debug_ranges)
 .debug_ranges  0x00000000       0x30 .\CortexM0\ARM_GCC_493\Debug\main.o
 .debug_ranges  0x00000030       0x38 .\CortexM0\ARM_GCC_493\Debug\Cm0Start.o
 .debug_ranges  0x00000068       0x38 .\CortexM0\ARM_GCC_493\Debug\bldc.a(cyfitter_cfg.o)
 .debug_ranges  0x000000a0       0x38 .\CortexM0\ARM_GCC_493\Debug\bldc.a(vin.o)
 .debug_ranges  0x000000d8       0x38 .\CortexM0\ARM_GCC_493\Debug\bldc.a(err.o)
 .debug_ranges  0x00000110      0x168 .\CortexM0\ARM_GCC_493\Debug\bldc.a(CyLib.o)
 .debug_ranges  0x00000278      0x128 .\CortexM0\ARM_GCC_493\Debug\bldc.a(CyLFClk.o)
 .debug_ranges  0x000003a0       0x38 .\CortexM0\ARM_GCC_493\Debug\bldc.a(enable_gate_driver.o)
 .debug_ranges  0x000003d8      0x148 .\CortexM0\ARM_GCC_493\Debug\bldc.a(VPWM.o)
 .debug_ranges  0x00000520      0x148 .\CortexM0\ARM_GCC_493\Debug\bldc.a(WPWM.o)
 .debug_ranges  0x00000668       0x50 .\CortexM0\ARM_GCC_493\Debug\bldc.a(QDEC.o)
 .debug_ranges  0x000006b8       0x10 .\CortexM0\ARM_GCC_493\Debug\bldc.a(QDEC_INT.o)
 .debug_ranges  0x000006c8       0x38 .\CortexM0\ARM_GCC_493\Debug\bldc.a(direction.o)
 .debug_ranges  0x00000700       0x38 .\CortexM0\ARM_GCC_493\Debug\bldc.a(step.o)
 .debug_ranges  0x00000738       0x38 .\CortexM0\ARM_GCC_493\Debug\bldc.a(reset.o)
 .debug_ranges  0x00000770       0x38 .\CortexM0\ARM_GCC_493\Debug\bldc.a(error.o)
 .debug_ranges  0x000007a8       0x38 .\CortexM0\ARM_GCC_493\Debug\bldc.a(fault_gate_driver.o)
 .debug_ranges  0x000007e0       0x88 .\CortexM0\ARM_GCC_493\Debug\bldc.a(QDEC_Cnt16.o)
 .debug_ranges  0x00000868       0x98 .\CortexM0\ARM_GCC_493\Debug\bldc.a(ADC.o)
 .debug_ranges  0x00000900       0x10 .\CortexM0\ARM_GCC_493\Debug\bldc.a(ADC_INT.o)
 .debug_ranges  0x00000910       0x50 .\CortexM0\ARM_GCC_493\Debug\bldc.a(UART.o)
 .debug_ranges  0x00000960       0x50 .\CortexM0\ARM_GCC_493\Debug\bldc.a(UART_SPI_UART.o)
 .debug_ranges  0x000009b0       0x50 .\CortexM0\ARM_GCC_493\Debug\bldc.a(UART_UART.o)
 .debug_ranges  0x00000a00       0x70 .\CortexM0\ARM_GCC_493\Debug\bldc.a(txISR.o)
 .debug_ranges  0x00000a70       0x70 .\CortexM0\ARM_GCC_493\Debug\bldc.a(rxISR.o)
 .debug_ranges  0x00000ae0       0x20 .\CortexM0\ARM_GCC_493\Debug\bldc.a(EEPROM.o)
 .debug_ranges  0x00000b00      0x148 .\CortexM0\ARM_GCC_493\Debug\bldc.a(TX_SEND.o)
 .debug_ranges  0x00000c48       0x70 .\CortexM0\ARM_GCC_493\Debug\bldc.a(stepISR.o)
 .debug_ranges  0x00000cb8       0x28 .\CortexM0\ARM_GCC_493\Debug\bldc.a(CyFlash.o)

.comment        0x00000000       0x70
 .comment       0x00000000       0x70 .\CortexM0\ARM_GCC_493\Debug\main.o
                                 0x71 (size before relaxing)
 .comment       0x00000000       0x71 .\CortexM0\ARM_GCC_493\Debug\cymetadata.o
 .comment       0x00000000       0x71 .\CortexM0\ARM_GCC_493\Debug\Cm0Start.o
 .comment       0x00000000       0x71 .\CortexM0\ARM_GCC_493\Debug\cybootloader.o
 .comment       0x00000000       0x71 .\CortexM0\ARM_GCC_493\Debug\bldc.a(cyfitter_cfg.o)
 .comment       0x00000000       0x71 .\CortexM0\ARM_GCC_493\Debug\bldc.a(vin.o)
 .comment       0x00000000       0x71 .\CortexM0\ARM_GCC_493\Debug\bldc.a(err.o)
 .comment       0x00000000       0x71 .\CortexM0\ARM_GCC_493\Debug\bldc.a(CyLib.o)
 .comment       0x00000000       0x71 .\CortexM0\ARM_GCC_493\Debug\bldc.a(CyLFClk.o)
 .comment       0x00000000       0x71 .\CortexM0\ARM_GCC_493\Debug\bldc.a(enable_gate_driver.o)
 .comment       0x00000000       0x71 .\CortexM0\ARM_GCC_493\Debug\bldc.a(VPWM.o)
 .comment       0x00000000       0x71 .\CortexM0\ARM_GCC_493\Debug\bldc.a(WPWM.o)
 .comment       0x00000000       0x71 .\CortexM0\ARM_GCC_493\Debug\bldc.a(QDEC.o)
 .comment       0x00000000       0x71 .\CortexM0\ARM_GCC_493\Debug\bldc.a(QDEC_INT.o)
 .comment       0x00000000       0x71 .\CortexM0\ARM_GCC_493\Debug\bldc.a(direction.o)
 .comment       0x00000000       0x71 .\CortexM0\ARM_GCC_493\Debug\bldc.a(step.o)
 .comment       0x00000000       0x71 .\CortexM0\ARM_GCC_493\Debug\bldc.a(reset.o)
 .comment       0x00000000       0x71 .\CortexM0\ARM_GCC_493\Debug\bldc.a(error.o)
 .comment       0x00000000       0x71 .\CortexM0\ARM_GCC_493\Debug\bldc.a(fault_gate_driver.o)
 .comment       0x00000000       0x71 .\CortexM0\ARM_GCC_493\Debug\bldc.a(QDEC_Cnt16.o)
 .comment       0x00000000       0x71 .\CortexM0\ARM_GCC_493\Debug\bldc.a(ADC.o)
 .comment       0x00000000       0x71 .\CortexM0\ARM_GCC_493\Debug\bldc.a(ADC_INT.o)
 .comment       0x00000000       0x71 .\CortexM0\ARM_GCC_493\Debug\bldc.a(UART.o)
 .comment       0x00000000       0x71 .\CortexM0\ARM_GCC_493\Debug\bldc.a(UART_SPI_UART.o)
 .comment       0x00000000       0x71 .\CortexM0\ARM_GCC_493\Debug\bldc.a(UART_UART.o)
 .comment       0x00000000       0x71 .\CortexM0\ARM_GCC_493\Debug\bldc.a(txISR.o)
 .comment       0x00000000       0x71 .\CortexM0\ARM_GCC_493\Debug\bldc.a(rxISR.o)
 .comment       0x00000000       0x71 .\CortexM0\ARM_GCC_493\Debug\bldc.a(EEPROM.o)
 .comment       0x00000000       0x71 .\CortexM0\ARM_GCC_493\Debug\bldc.a(TX_SEND.o)
 .comment       0x00000000       0x71 .\CortexM0\ARM_GCC_493\Debug\bldc.a(stepISR.o)
 .comment       0x00000000       0x71 .\CortexM0\ARM_GCC_493\Debug\bldc.a(CyFlash.o)

.debug_weaknames
 *(.debug_weaknames)

.debug_funcnames
 *(.debug_funcnames)

.debug_typenames
 *(.debug_typenames)

.debug_varnames
 *(.debug_varnames)

.note.gnu.arm.ident
 *(.note.gnu.arm.ident)

.ARM.attributes
                0x00000000       0x28
 *(.ARM.attributes)
 .ARM.attributes
                0x00000000       0x1e c:/program files (x86)/cypress/psoc creator/3.3/psoc creator/import/gnu/arm/4.9.3/bin/../lib/gcc/arm-none-eabi/4.9.3/armv6-m/crti.o
 .ARM.attributes
                0x0000001e       0x2c c:/program files (x86)/cypress/psoc creator/3.3/psoc creator/import/gnu/arm/4.9.3/bin/../lib/gcc/arm-none-eabi/4.9.3/armv6-m/crtbegin.o
 .ARM.attributes
                0x0000004a       0x1b c:/program files (x86)/cypress/psoc creator/3.3/psoc creator/import/gnu/arm/4.9.3/bin/../lib/gcc/arm-none-eabi/4.9.3/../../../../arm-none-eabi/lib/armv6-m/crt0.o
 .ARM.attributes
                0x00000065       0x31 .\CortexM0\ARM_GCC_493\Debug\main.o
 .ARM.attributes
                0x00000096       0x31 .\CortexM0\ARM_GCC_493\Debug\cymetadata.o
 .ARM.attributes
                0x000000c7       0x31 .\CortexM0\ARM_GCC_493\Debug\Cm0Start.o
 .ARM.attributes
                0x000000f8       0x31 .\CortexM0\ARM_GCC_493\Debug\cybootloader.o
 .ARM.attributes
                0x00000129       0x31 .\CortexM0\ARM_GCC_493\Debug\bldc.a(cyfitter_cfg.o)
 .ARM.attributes
                0x0000015a       0x31 .\CortexM0\ARM_GCC_493\Debug\bldc.a(vin.o)
 .ARM.attributes
                0x0000018b       0x31 .\CortexM0\ARM_GCC_493\Debug\bldc.a(err.o)
 .ARM.attributes
                0x000001bc       0x31 .\CortexM0\ARM_GCC_493\Debug\bldc.a(CyLib.o)
 .ARM.attributes
                0x000001ed       0x31 .\CortexM0\ARM_GCC_493\Debug\bldc.a(CyLFClk.o)
 .ARM.attributes
                0x0000021e       0x31 .\CortexM0\ARM_GCC_493\Debug\bldc.a(enable_gate_driver.o)
 .ARM.attributes
                0x0000024f       0x31 .\CortexM0\ARM_GCC_493\Debug\bldc.a(VPWM.o)
 .ARM.attributes
                0x00000280       0x31 .\CortexM0\ARM_GCC_493\Debug\bldc.a(WPWM.o)
 .ARM.attributes
                0x000002b1       0x31 .\CortexM0\ARM_GCC_493\Debug\bldc.a(QDEC.o)
 .ARM.attributes
                0x000002e2       0x31 .\CortexM0\ARM_GCC_493\Debug\bldc.a(QDEC_INT.o)
 .ARM.attributes
                0x00000313       0x31 .\CortexM0\ARM_GCC_493\Debug\bldc.a(direction.o)
 .ARM.attributes
                0x00000344       0x31 .\CortexM0\ARM_GCC_493\Debug\bldc.a(step.o)
 .ARM.attributes
                0x00000375       0x31 .\CortexM0\ARM_GCC_493\Debug\bldc.a(reset.o)
 .ARM.attributes
                0x000003a6       0x31 .\CortexM0\ARM_GCC_493\Debug\bldc.a(error.o)
 .ARM.attributes
                0x000003d7       0x31 .\CortexM0\ARM_GCC_493\Debug\bldc.a(fault_gate_driver.o)
 .ARM.attributes
                0x00000408       0x31 .\CortexM0\ARM_GCC_493\Debug\bldc.a(QDEC_Cnt16.o)
 .ARM.attributes
                0x00000439       0x31 .\CortexM0\ARM_GCC_493\Debug\bldc.a(ADC.o)
 .ARM.attributes
                0x0000046a       0x31 .\CortexM0\ARM_GCC_493\Debug\bldc.a(ADC_INT.o)
 .ARM.attributes
                0x0000049b       0x31 .\CortexM0\ARM_GCC_493\Debug\bldc.a(UART.o)
 .ARM.attributes
                0x000004cc       0x31 .\CortexM0\ARM_GCC_493\Debug\bldc.a(UART_SPI_UART.o)
 .ARM.attributes
                0x000004fd       0x31 .\CortexM0\ARM_GCC_493\Debug\bldc.a(UART_UART.o)
 .ARM.attributes
                0x0000052e       0x31 .\CortexM0\ARM_GCC_493\Debug\bldc.a(txISR.o)
 .ARM.attributes
                0x0000055f       0x31 .\CortexM0\ARM_GCC_493\Debug\bldc.a(rxISR.o)
 .ARM.attributes
                0x00000590       0x31 .\CortexM0\ARM_GCC_493\Debug\bldc.a(EEPROM.o)
 .ARM.attributes
                0x000005c1       0x31 .\CortexM0\ARM_GCC_493\Debug\bldc.a(TX_SEND.o)
 .ARM.attributes
                0x000005f2       0x31 .\CortexM0\ARM_GCC_493\Debug\bldc.a(stepISR.o)
 .ARM.attributes
                0x00000623       0x21 .\CortexM0\ARM_GCC_493\Debug\bldc.a(CyBootAsmGnu.o)
 .ARM.attributes
                0x00000644       0x31 .\CortexM0\ARM_GCC_493\Debug\bldc.a(CyFlash.o)
 .ARM.attributes
                0x00000675       0x1e c:/program files (x86)/cypress/psoc creator/3.3/psoc creator/import/gnu/arm/4.9.3/bin/../lib/gcc/arm-none-eabi/4.9.3/armv6-m\libgcc.a(_udivsi3.o)
 .ARM.attributes
                0x00000693       0x1e c:/program files (x86)/cypress/psoc creator/3.3/psoc creator/import/gnu/arm/4.9.3/bin/../lib/gcc/arm-none-eabi/4.9.3/armv6-m\libgcc.a(_divsi3.o)
 .ARM.attributes
                0x000006b1       0x1e c:/program files (x86)/cypress/psoc creator/3.3/psoc creator/import/gnu/arm/4.9.3/bin/../lib/gcc/arm-none-eabi/4.9.3/armv6-m\libgcc.a(_dvmd_tls.o)
 .ARM.attributes
                0x000006cf       0x1e c:/program files (x86)/cypress/psoc creator/3.3/psoc creator/import/gnu/arm/4.9.3/bin/../lib/gcc/arm-none-eabi/4.9.3/armv6-m\libgcc.a(_aeabi_ldivmod.o)
 .ARM.attributes
                0x000006ed       0x2c c:/program files (x86)/cypress/psoc creator/3.3/psoc creator/import/gnu/arm/4.9.3/bin/../lib/gcc/arm-none-eabi/4.9.3/armv6-m\libgcc.a(_muldi3.o)
 .ARM.attributes
                0x00000719       0x2c c:/program files (x86)/cypress/psoc creator/3.3/psoc creator/import/gnu/arm/4.9.3/bin/../lib/gcc/arm-none-eabi/4.9.3/armv6-m\libgcc.a(bpabi.o)
 .ARM.attributes
                0x00000745       0x2c c:/program files (x86)/cypress/psoc creator/3.3/psoc creator/import/gnu/arm/4.9.3/bin/../lib/gcc/arm-none-eabi/4.9.3/armv6-m\libgcc.a(divsf3.o)
 .ARM.attributes
                0x00000771       0x2c c:/program files (x86)/cypress/psoc creator/3.3/psoc creator/import/gnu/arm/4.9.3/bin/../lib/gcc/arm-none-eabi/4.9.3/armv6-m\libgcc.a(mulsf3.o)
 .ARM.attributes
                0x0000079d       0x2c c:/program files (x86)/cypress/psoc creator/3.3/psoc creator/import/gnu/arm/4.9.3/bin/../lib/gcc/arm-none-eabi/4.9.3/armv6-m\libgcc.a(floatsisf.o)
 .ARM.attributes
                0x000007c9       0x1e c:/program files (x86)/cypress/psoc creator/3.3/psoc creator/import/gnu/arm/4.9.3/bin/../lib/gcc/arm-none-eabi/4.9.3/armv6-m\libgcc.a(_clzsi2.o)
 .ARM.attributes
                0x000007e7       0x2c c:/program files (x86)/cypress/psoc creator/3.3/psoc creator/import/gnu/arm/4.9.3/bin/../lib/gcc/arm-none-eabi/4.9.3/armv6-m\libgcc.a(_divdi3.o)
 .ARM.attributes
                0x00000813       0x2c c:/program files (x86)/cypress/psoc creator/3.3/psoc creator/import/gnu/arm/4.9.3/bin/../lib/gcc/arm-none-eabi/4.9.3/armv6-m\libgcc.a(_udivdi3.o)
 .ARM.attributes
                0x0000083f       0x1e c:/program files (x86)/cypress/psoc creator/3.3/psoc creator/import/gnu/arm/4.9.3/bin/../lib/gcc/arm-none-eabi/4.9.3/armv6-m\libgcc.a(_clzdi2.o)
 .ARM.attributes
                0x0000085d       0x2c c:/program files (x86)/cypress/psoc creator/3.3/psoc creator/import/gnu/arm/4.9.3/bin/../lib/gcc/arm-none-eabi/4.9.3/../../../../arm-none-eabi/lib/armv6-m\libg_nano.a(lib_a-atoi.o)
 .ARM.attributes
                0x00000889       0x2c c:/program files (x86)/cypress/psoc creator/3.3/psoc creator/import/gnu/arm/4.9.3/bin/../lib/gcc/arm-none-eabi/4.9.3/../../../../arm-none-eabi/lib/armv6-m\libg_nano.a(lib_a-errno.o)
 .ARM.attributes
                0x000008b5       0x2c c:/program files (x86)/cypress/psoc creator/3.3/psoc creator/import/gnu/arm/4.9.3/bin/../lib/gcc/arm-none-eabi/4.9.3/../../../../arm-none-eabi/lib/armv6-m\libg_nano.a(lib_a-exit.o)
 .ARM.attributes
                0x000008e1       0x2c c:/program files (x86)/cypress/psoc creator/3.3/psoc creator/import/gnu/arm/4.9.3/bin/../lib/gcc/arm-none-eabi/4.9.3/../../../../arm-none-eabi/lib/armv6-m\libg_nano.a(lib_a-impure.o)
 .ARM.attributes
                0x0000090d       0x2c c:/program files (x86)/cypress/psoc creator/3.3/psoc creator/import/gnu/arm/4.9.3/bin/../lib/gcc/arm-none-eabi/4.9.3/../../../../arm-none-eabi/lib/armv6-m\libg_nano.a(lib_a-init.o)
 .ARM.attributes
                0x00000939       0x2c c:/program files (x86)/cypress/psoc creator/3.3/psoc creator/import/gnu/arm/4.9.3/bin/../lib/gcc/arm-none-eabi/4.9.3/../../../../arm-none-eabi/lib/armv6-m\libg_nano.a(lib_a-memcpy.o)
 .ARM.attributes
                0x00000965       0x2c c:/program files (x86)/cypress/psoc creator/3.3/psoc creator/import/gnu/arm/4.9.3/bin/../lib/gcc/arm-none-eabi/4.9.3/../../../../arm-none-eabi/lib/armv6-m\libg_nano.a(lib_a-memset.o)
 .ARM.attributes
                0x00000991       0x2c c:/program files (x86)/cypress/psoc creator/3.3/psoc creator/import/gnu/arm/4.9.3/bin/../lib/gcc/arm-none-eabi/4.9.3/../../../../arm-none-eabi/lib/armv6-m\libg_nano.a(lib_a-strtol.o)
 .ARM.attributes
                0x000009bd       0x2c c:/program files (x86)/cypress/psoc creator/3.3/psoc creator/import/gnu/arm/4.9.3/bin/../lib/gcc/arm-none-eabi/4.9.3/../../../../arm-none-eabi/lib/armv6-m\libg_nano.a(lib_a-ctype_.o)
 .ARM.attributes
                0x000009e9       0x2c c:/program files (x86)/cypress/psoc creator/3.3/psoc creator/import/gnu/arm/4.9.3/bin/../lib/gcc/arm-none-eabi/4.9.3/armv6-m/crtend.o
 .ARM.attributes
                0x00000a15       0x1e c:/program files (x86)/cypress/psoc creator/3.3/psoc creator/import/gnu/arm/4.9.3/bin/../lib/gcc/arm-none-eabi/4.9.3/armv6-m/crtn.o

/DISCARD/
 *(.note.GNU-stack)
OUTPUT(.\CortexM0\ARM_GCC_493\Debug\bldc.elf elf32-littlearm)
